Archive member included to satisfy reference by file (symbol)

C:/ST/STM32CubeIDE_2.0.0/STM32CubeIDE/plugins/com.st.stm32cube.ide.mcu.externaltools.gnu-tools-for-stm32.13.3.rel1.win32_1.0.100.202509120712/tools/bin/../lib/gcc/arm-none-eabi/13.3.1/../../../../arm-none-eabi/lib/thumb/v7e-m+fp/hard\libc_nano.a(libc_a-exit.o)
                              C:/ST/STM32CubeIDE_2.0.0/STM32CubeIDE/plugins/com.st.stm32cube.ide.mcu.externaltools.gnu-tools-for-stm32.13.3.rel1.win32_1.0.100.202509120712/tools/bin/../lib/gcc/arm-none-eabi/13.3.1/../../../../arm-none-eabi/lib/thumb/v7e-m+fp/hard/crt0.o (exit)
C:/ST/STM32CubeIDE_2.0.0/STM32CubeIDE/plugins/com.st.stm32cube.ide.mcu.externaltools.gnu-tools-for-stm32.13.3.rel1.win32_1.0.100.202509120712/tools/bin/../lib/gcc/arm-none-eabi/13.3.1/../../../../arm-none-eabi/lib/thumb/v7e-m+fp/hard\libc_nano.a(libc_a-rand.o)
                              ./SDK_1.0.3_NUCLEO-F401RE/shared/Middle/Obstracle/Obstacle.o (rand)
C:/ST/STM32CubeIDE_2.0.0/STM32CubeIDE/plugins/com.st.stm32cube.ide.mcu.externaltools.gnu-tools-for-stm32.13.3.rel1.win32_1.0.100.202509120712/tools/bin/../lib/gcc/arm-none-eabi/13.3.1/../../../../arm-none-eabi/lib/thumb/v7e-m+fp/hard\libc_nano.a(libc_a-findfp.o)
                              C:/ST/STM32CubeIDE_2.0.0/STM32CubeIDE/plugins/com.st.stm32cube.ide.mcu.externaltools.gnu-tools-for-stm32.13.3.rel1.win32_1.0.100.202509120712/tools/bin/../lib/gcc/arm-none-eabi/13.3.1/../../../../arm-none-eabi/lib/thumb/v7e-m+fp/hard\libc_nano.a(libc_a-exit.o) (__stdio_exit_handler)
C:/ST/STM32CubeIDE_2.0.0/STM32CubeIDE/plugins/com.st.stm32cube.ide.mcu.externaltools.gnu-tools-for-stm32.13.3.rel1.win32_1.0.100.202509120712/tools/bin/../lib/gcc/arm-none-eabi/13.3.1/../../../../arm-none-eabi/lib/thumb/v7e-m+fp/hard\libc_nano.a(libc_a-fwalk.o)
                              C:/ST/STM32CubeIDE_2.0.0/STM32CubeIDE/plugins/com.st.stm32cube.ide.mcu.externaltools.gnu-tools-for-stm32.13.3.rel1.win32_1.0.100.202509120712/tools/bin/../lib/gcc/arm-none-eabi/13.3.1/../../../../arm-none-eabi/lib/thumb/v7e-m+fp/hard\libc_nano.a(libc_a-findfp.o) (_fwalk_sglue)
C:/ST/STM32CubeIDE_2.0.0/STM32CubeIDE/plugins/com.st.stm32cube.ide.mcu.externaltools.gnu-tools-for-stm32.13.3.rel1.win32_1.0.100.202509120712/tools/bin/../lib/gcc/arm-none-eabi/13.3.1/../../../../arm-none-eabi/lib/thumb/v7e-m+fp/hard\libc_nano.a(libc_a-stdio.o)
                              C:/ST/STM32CubeIDE_2.0.0/STM32CubeIDE/plugins/com.st.stm32cube.ide.mcu.externaltools.gnu-tools-for-stm32.13.3.rel1.win32_1.0.100.202509120712/tools/bin/../lib/gcc/arm-none-eabi/13.3.1/../../../../arm-none-eabi/lib/thumb/v7e-m+fp/hard\libc_nano.a(libc_a-findfp.o) (__sread)
C:/ST/STM32CubeIDE_2.0.0/STM32CubeIDE/plugins/com.st.stm32cube.ide.mcu.externaltools.gnu-tools-for-stm32.13.3.rel1.win32_1.0.100.202509120712/tools/bin/../lib/gcc/arm-none-eabi/13.3.1/../../../../arm-none-eabi/lib/thumb/v7e-m+fp/hard\libc_nano.a(libc_a-memcmp.o)
                              ./SDK_1.0.3_NUCLEO-F401RE/shared/Middle/flash/flash.o (memcmp)
C:/ST/STM32CubeIDE_2.0.0/STM32CubeIDE/plugins/com.st.stm32cube.ide.mcu.externaltools.gnu-tools-for-stm32.13.3.rel1.win32_1.0.100.202509120712/tools/bin/../lib/gcc/arm-none-eabi/13.3.1/../../../../arm-none-eabi/lib/thumb/v7e-m+fp/hard\libc_nano.a(libc_a-memset.o)
                              C:/ST/STM32CubeIDE_2.0.0/STM32CubeIDE/plugins/com.st.stm32cube.ide.mcu.externaltools.gnu-tools-for-stm32.13.3.rel1.win32_1.0.100.202509120712/tools/bin/../lib/gcc/arm-none-eabi/13.3.1/../../../../arm-none-eabi/lib/thumb/v7e-m+fp/hard/crt0.o (memset)
C:/ST/STM32CubeIDE_2.0.0/STM32CubeIDE/plugins/com.st.stm32cube.ide.mcu.externaltools.gnu-tools-for-stm32.13.3.rel1.win32_1.0.100.202509120712/tools/bin/../lib/gcc/arm-none-eabi/13.3.1/../../../../arm-none-eabi/lib/thumb/v7e-m+fp/hard\libc_nano.a(libc_a-closer.o)
                              C:/ST/STM32CubeIDE_2.0.0/STM32CubeIDE/plugins/com.st.stm32cube.ide.mcu.externaltools.gnu-tools-for-stm32.13.3.rel1.win32_1.0.100.202509120712/tools/bin/../lib/gcc/arm-none-eabi/13.3.1/../../../../arm-none-eabi/lib/thumb/v7e-m+fp/hard\libc_nano.a(libc_a-stdio.o) (_close_r)
C:/ST/STM32CubeIDE_2.0.0/STM32CubeIDE/plugins/com.st.stm32cube.ide.mcu.externaltools.gnu-tools-for-stm32.13.3.rel1.win32_1.0.100.202509120712/tools/bin/../lib/gcc/arm-none-eabi/13.3.1/../../../../arm-none-eabi/lib/thumb/v7e-m+fp/hard\libc_nano.a(libc_a-reent.o)
                              C:/ST/STM32CubeIDE_2.0.0/STM32CubeIDE/plugins/com.st.stm32cube.ide.mcu.externaltools.gnu-tools-for-stm32.13.3.rel1.win32_1.0.100.202509120712/tools/bin/../lib/gcc/arm-none-eabi/13.3.1/../../../../arm-none-eabi/lib/thumb/v7e-m+fp/hard\libc_nano.a(libc_a-closer.o) (errno)
C:/ST/STM32CubeIDE_2.0.0/STM32CubeIDE/plugins/com.st.stm32cube.ide.mcu.externaltools.gnu-tools-for-stm32.13.3.rel1.win32_1.0.100.202509120712/tools/bin/../lib/gcc/arm-none-eabi/13.3.1/../../../../arm-none-eabi/lib/thumb/v7e-m+fp/hard\libc_nano.a(libc_a-impure.o)
[...]
Memory Configuration

Name             Origin             Length             Attributes
RAM              0x20000000         0x00018000         xrw
FLASH            0x08000000         0x00080000         xr
*default*        0x00000000         0xffffffff

Linker script and memory map

LOAD C:/ST/STM32CubeIDE_2.0.0/STM32CubeIDE/plugins/com.st.stm32cube.ide.mcu.externaltools.gnu-tools-for-stm32.13.3.rel1.win32_1.0.100.202509120712/tools/bin/../lib/gcc/arm-none-eabi/13.3.1/thumb/v7e-m+fp/hard/crti.o
LOAD C:/ST/STM32CubeIDE_2.0.0/STM32CubeIDE/plugins/com.st.stm32cube.ide.mcu.externaltools.gnu-tools-for-stm32.13.3.rel1.win32_1.0.100.202509120712/tools/bin/../lib/gcc/arm-none-eabi/13.3.1/thumb/v7e-m+fp/hard/crtbegin.o
LOAD C:/ST/STM32CubeIDE_2.0.0/STM32CubeIDE/plugins/com.st.stm32cube.ide.mcu.externaltools.gnu-tools-for-stm32.13.3.rel1.win32_1.0.100.202509120712/tools/bin/../lib/gcc/arm-none-eabi/13.3.1/../../../../arm-none-eabi/lib/thumb/v7e-m+fp/hard/crt0.o
LOAD ./SDK_1.0.3_NUCLEO-F401RE/shared/Drivers/CMSIS/Source/system_stm32f4xx.o
LOAD ./SDK_1.0.3_NUCLEO-F401RE/shared/Drivers/STM32F401RE_StdPeriph_Driver/src/misc.o
LOAD ./SDK_1.0.3_NUCLEO-F401RE/shared/Drivers/STM32F401RE_StdPeriph_Driver/src/stm32f401re_adc.o
LOAD ./SDK_1.0.3_NUCLEO-F401RE/shared/Drivers/STM32F401RE_StdPeriph_Driver/src/stm32f401re_dma.o
LOAD ./SDK_1.0.3_NUCLEO-F401RE/shared/Drivers/STM32F401RE_StdPeriph_Driver/src/stm32f401re_exti.o
LOAD ./SDK_1.0.3_NUCLEO-F401RE/shared/Drivers/STM32F401RE_StdPeriph_Driver/src/stm32f401re_gpio.o
LOAD ./SDK_1.0.3_NUCLEO-F401RE/shared/Drivers/STM32F401RE_StdPeriph_Driver/src/stm32f401re_i2c.o
LOAD ./SDK_1.0.3_NUCLEO-F401RE/shared/Drivers/STM32F401RE_StdPeriph_Driver/src/stm32f401re_rcc.o
LOAD ./SDK_1.0.3_NUCLEO-F401RE/shared/Drivers/STM32F401RE_StdPeriph_Driver/src/stm32f401re_spi.o
LOAD ./SDK_1.0.3_NUCLEO-F401RE/shared/Drivers/STM32F401RE_StdPeriph_Driver/src/stm32f401re_syscfg.o
LOAD ./SDK_1.0.3_NUCLEO-F401RE/shared/Drivers/STM32F401RE_StdPeriph_Driver/src/stm32f401re_tim.o
LOAD ./SDK_1.0.3_NUCLEO-F401RE/shared/Drivers/STM32F401RE_StdPeriph_Driver/src/stm32f401re_usart.o
LOAD ./SDK_1.0.3_NUCLEO-F401RE/shared/Drivers/STM32F401RE_StdPeriph_Driver/src/stm32f4xx_flash.o
LOAD ./SDK_1.0.3_NUCLEO-F401RE/shared/Middle/Dino/Dino.o
LOAD ./SDK_1.0.3_NUCLEO-F401RE/shared/Middle/Game/Game.o
LOAD ./SDK_1.0.3_NUCLEO-F401RE/shared/Middle/Obstracle/Obstacle.o
LOAD ./SDK_1.0.3_NUCLEO-F401RE/shared/Middle/button/button.o
LOAD ./SDK_1.0.3_NUCLEO-F401RE/shared/Middle/button/eventbutton.o
LOAD ./SDK_1.0.3_NUCLEO-F401RE/shared/Middle/buzzer/buzzer.o
LOAD ./SDK_1.0.3_NUCLEO-F401RE/shared/Middle/buzzer/melody.o
LOAD ./SDK_1.0.3_NUCLEO-F401RE/shared/Middle/flash/flash.o
LOAD ./SDK_1.0.3_NUCLEO-F401RE/shared/Middle/led/led.o
LOAD ./SDK_1.0.3_NUCLEO-F401RE/shared/Middle/rtos/eventman.o
LOAD ./SDK_1.0.3_NUCLEO-F401RE/shared/Middle/rtos/timer.o
LOAD ./SDK_1.0.3_NUCLEO-F401RE/shared/Middle/sensor/lightsensor.o
LOAD ./SDK_1.0.3_NUCLEO-F401RE/shared/Middle/sensor/temhumsensor.o
LOAD ./SDK_1.0.3_NUCLEO-F401RE/shared/Middle/serial/serial.o
LOAD ./SDK_1.0.3_NUCLEO-F401RE/shared/Middle/serial/uartcmd.o
LOAD ./SDK_1.0.3_NUCLEO-F401RE/shared/Middle/ucglib/Ucglib.o
LOAD ./SDK_1.0.3_NUCLEO-F401RE/shared/Middle/ucglib/ucg_bitmap.o
LOAD ./SDK_1.0.3_NUCLEO-F401RE/shared/Middle/ucglib/ucg_box.o
LOAD ./SDK_1.0.3_NUCLEO-F401RE/shared/Middle/ucglib/ucg_ccs.o
LOAD ./SDK_1.0.3_NUCLEO-F401RE/shared/Middle/ucglib/ucg_circle.o
LOAD ./SDK_1.0.3_NUCLEO-F401RE/shared/Middle/ucglib/ucg_clip.o
LOAD ./SDK_1.0.3_NUCLEO-F401RE/shared/Middle/ucglib/ucg_com_msg_api.o
LOAD ./SDK_1.0.3_NUCLEO-F401RE/shared/Middle/ucglib/ucg_dev_default_cb.o
LOAD ./SDK_1.0.3_NUCLEO-F401RE/shared/Middle/ucglib/ucg_dev_ic_st7735.o
LOAD ./SDK_1.0.3_NUCLEO-F401RE/shared/Middle/ucglib/ucg_dev_msg_api.o
LOAD ./SDK_1.0.3_NUCLEO-F401RE/shared/Middle/ucglib/ucg_dev_tft_128x128_st7735.o
LOAD ./SDK_1.0.3_NUCLEO-F401RE/shared/Middle/ucglib/ucg_font.o
LOAD ./SDK_1.0.3_NUCLEO-F401RE/shared/Middle/ucglib/ucg_init.o
LOAD ./SDK_1.0.3_NUCLEO-F401RE/shared/Middle/ucglib/ucg_line.o
LOAD ./SDK_1.0.3_NUCLEO-F401RE/shared/Middle/ucglib/ucg_pixel.o
LOAD ./SDK_1.0.3_NUCLEO-F401RE/shared/Middle/ucglib/ucg_pixel_font_data.o
LOAD ./SDK_1.0.3_NUCLEO-F401RE/shared/Middle/ucglib/ucg_polygon.o
LOAD ./SDK_1.0.3_NUCLEO-F401RE/shared/Middle/ucglib/ucg_rotate.o
LOAD ./SDK_1.0.3_NUCLEO-F401RE/shared/Middle/ucglib/ucg_scale.o
LOAD ./SDK_1.0.3_NUCLEO-F401RE/shared/Middle/ucglib/ucg_vector_font_data.o
LOAD ./SDK_1.0.3_NUCLEO-F401RE/shared/Utilities/buff.o
LOAD ./SDK_1.0.3_NUCLEO-F401RE/shared/Utilities/utilities.o
LOAD ./Src/main.o
LOAD ./Src/syscalls.o
LOAD ./Src/sysmem.o
LOAD ./Startup/startup_stm32f401retx.o
LOAD D:\ThuVien_SDK_1.0.3_NUCLEO-F401RE-master\ThuVien_SDK_1.0.3_NUCLEO-F401RE-master\lib_stm\libLibraries.a
START GROUP
LOAD C:/ST/STM32CubeIDE_2.0.0/STM32CubeIDE/plugins/com.st.stm32cube.ide.mcu.externaltools.gnu-tools-for-stm32.13.3.rel1.win32_1.0.100.202509120712/tools/bin/../lib/gcc/arm-none-eabi/13.3.1/../../../../arm-none-eabi/lib/thumb/v7e-m+fp/hard\libc_nano.a
LOAD C:/ST/STM32CubeIDE_2.0.0/STM32CubeIDE/plugins/com.st.stm32cube.ide.mcu.externaltools.gnu-tools-for-stm32.13.3.rel1.win32_1.0.100.202509120712/tools/bin/../lib/gcc/arm-none-eabi/13.3.1/../../../../arm-none-eabi/lib/thumb/v7e-m+fp/hard\libm.a
END GROUP
START GROUP
LOAD C:/ST/STM32CubeIDE_2.0.0/STM32CubeIDE/plugins/com.st.stm32cube.ide.mcu.externaltools.gnu-tools-for-stm32.13.3.rel1.win32_1.0.100.202509120712/tools/bin/../lib/gcc/arm-none-eabi/13.3.1/thumb/v7e-m+fp/hard\libgcc.a
LOAD C:/ST/STM32CubeIDE_2.0.0/STM32CubeIDE/plugins/com.st.stm32cube.ide.mcu.externaltools.gnu-tools-for-stm32.13.3.rel1.win32_1.0.100.202509120712/tools/bin/../lib/gcc/arm-none-eabi/13.3.1/../../../../arm-none-eabi/lib/thumb/v7e-m+fp/hard\libc_nano.a
END GROUP
START GROUP
LOAD C:/ST/STM32CubeIDE_2.0.0/STM32CubeIDE/plugins/com.st.stm32cube.ide.mcu.externaltools.gnu-tools-for-stm32.13.3.rel1.win32_1.0.100.202509120712/tools/bin/../lib/gcc/arm-none-eabi/13.3.1/thumb/v7e-m+fp/hard\libgcc.a
LOAD C:/ST/STM32CubeIDE_2.0.0/STM32CubeIDE/plugins/com.st.stm32cube.ide.mcu.externaltools.gnu-tools-for-stm32.13.3.rel1.win32_1.0.100.202509120712/tools/bin/../lib/gcc/arm-none-eabi/13.3.1/../../../../arm-none-eabi/lib/thumb/v7e-m+fp/hard\libc_nano.a
LOAD C:/ST/STM32CubeIDE_2.0.0/STM32CubeIDE/plugins/com.st.stm32cube.ide.mcu.externaltools.gnu-tools-for-stm32.13.3.rel1.win32_1.0.100.202509120712/tools/bin/../lib/gcc/arm-none-eabi/13.3.1/../../../../arm-none-eabi/lib/thumb/v7e-m+fp/hard\libnosys.a
END GROUP
START GROUP
LOAD C:/ST/STM32CubeIDE_2.0.0/STM32CubeIDE/plugins/com.st.stm32cube.ide.mcu.externaltools.gnu-tools-for-stm32.13.3.rel1.win32_1.0.100.202509120712/tools/bin/../lib/gcc/arm-none-eabi/13.3.1/thumb/v7e-m+fp/hard\libgcc.a
LOAD C:/ST/STM32CubeIDE_2.0.0/STM32CubeIDE/plugins/com.st.stm32cube.ide.mcu.externaltools.gnu-tools-for-stm32.13.3.rel1.win32_1.0.100.202509120712/tools/bin/../lib/gcc/arm-none-eabi/13.3.1/../../../../arm-none-eabi/lib/thumb/v7e-m+fp/hard\libc_nano.a
LOAD C:/ST/STM32CubeIDE_2.0.0/STM32CubeIDE/plugins/com.st.stm32cube.ide.mcu.externaltools.gnu-tools-for-stm32.13.3.rel1.win32_1.0.100.202509120712/tools/bin/../lib/gcc/arm-none-eabi/13.3.1/../../../../arm-none-eabi/lib/thumb/v7e-m+fp/hard\libnosys.a
END GROUP
LOAD C:/ST/STM32CubeIDE_2.0.0/STM32CubeIDE/plugins/com.st.stm32cube.ide.mcu.externaltools.gnu-tools-for-stm32.13.3.rel1.win32_1.0.100.202509120712/tools/bin/../lib/gcc/arm-none-eabi/13.3.1/thumb/v7e-m+fp/hard/crtend.o
LOAD C:/ST/STM32CubeIDE_2.0.0/STM32CubeIDE/plugins/com.st.stm32cube.ide.mcu.externaltools.gnu-tools-for-stm32.13.3.rel1.win32_1.0.100.202509120712/tools/bin/../lib/gcc/arm-none-eabi/13.3.1/thumb/v7e-m+fp/hard/crtn.o
                0x20018000                        _estack = (ORIGIN (RAM) + LENGTH (RAM))
                0x00000200                        _Min_Heap_Size = 0x200
                0x00000400                        _Min_Stack_Size = 0x400

.isr_vector     0x08000000      0x194
                0x08000000                        . = ALIGN (0x4)
 *(.isr_vector)
 .isr_vector    0x08000000      0x194 ./Startup/startup_stm32f401retx.o
                0x08000000                g_pfnVectors
                0x08000194                        . = ALIGN (0x4)

.text           0x080001a0     0x55f4
                0x080001a0                        . = ALIGN (0x4)
 *(.text)
 .text          0x080001a0       0x40 C:/ST/STM32CubeIDE_2.0.0/STM32CubeIDE/plugins/com.st.stm32cube.ide.mcu.externaltools.gnu-tools-for-stm32.13.3.rel1.win32_1.0.100.202509120712/tools/bin/../lib/gcc/arm-none-eabi/13.3.1/thumb/v7e-m+fp/hard/crtbegin.o
 .text          0x080001e0       0xa0 C:/ST/STM32CubeIDE_2.0.0/STM32CubeIDE/plugins/com.st.stm32cube.ide.mcu.externaltools.gnu-tools-for-stm32.13.3.rel1.win32_1.0.100.202509120712/tools/bin/../lib/gcc/arm-none-eabi/13.3.1/../../../../arm-none-eabi/lib/thumb/v7e-m+fp/hard\libc_nano.a(libc_a-memchr.o)
                0x080001e0                memchr
 *(.text*)
 .text.SystemInit
                0x08000280       0x6c ./SDK_1.0.3_NUCLEO-F401RE/shared/Drivers/CMSIS/Source/system_stm32f4xx.o
                0x08000280                SystemInit
 .text.SystemCoreClockUpdate
                0x080002ec      0x104 ./SDK_1.0.3_NUCLEO-F401RE/shared/Drivers/CMSIS/Source/system_stm32f4xx.o
                0x080002ec                SystemCoreClockUpdate
 .text.SetSysClock
                0x080003f0       0xa4 ./SDK_1.0.3_NUCLEO-F401RE/shared/Drivers/CMSIS/Source/system_stm32f4xx.o
 .text.GPIO_Init
                0x08000494      0x11e ./SDK_1.0.3_NUCLEO-F401RE/shared/Drivers/STM32F401RE_StdPeriph_Driver/src/stm32f401re_gpio.o
                0x08000494                GPIO_Init
 .text.GPIO_WriteBit
                0x080005b2       0x30 ./SDK_1.0.3_NUCLEO-F401RE/shared/Drivers/STM32F401RE_StdPeriph_Driver/src/stm32f401re_gpio.o
                0x080005b2                GPIO_WriteBit
 *fill*         0x080005e2        0x2 
 .text.RCC_GetClocksFreq
                0x080005e4      0x15c ./SDK_1.0.3_NUCLEO-F401RE/shared/Drivers/STM32F401RE_StdPeriph_Driver/src/stm32f401re_rcc.o
                0x080005e4                RCC_GetClocksFreq
 .text.RCC_AHB1PeriphClockCmd
                0x08000740       0x40 ./SDK_1.0.3_NUCLEO-F401RE/shared/Drivers/STM32F401RE_StdPeriph_Driver/src/stm32f401re_rcc.o
                0x08000740                RCC_AHB1PeriphClockCmd
 .text.USART_ReceiveData
                0x08000780       0x20 ./SDK_1.0.3_NUCLEO-F401RE/shared/Drivers/STM32F401RE_StdPeriph_Driver/src/stm32f401re_usart.o
                0x08000780                USART_ReceiveData
 .text.USART_GetITStatus
                0x080007a0       0xb6 ./SDK_1.0.3_NUCLEO-F401RE/shared/Drivers/STM32F401RE_StdPeriph_Driver/src/stm32f401re_usart.o
                0x080007a0                USART_GetITStatus
 .text.USART_ClearITPendingBit
                0x08000856       0x3a ./SDK_1.0.3_NUCLEO-F401RE/shared/Drivers/STM32F401RE_StdPeriph_Driver/src/stm32f401re_usart.o
                0x08000856                USART_ClearITPendingBit
 .text.Dino_Reset
                0x08000890       0x2c ./SDK_1.0.3_NUCLEO-F401RE/shared/Middle/Dino/Dino.o
                0x08000890                Dino_Reset
 .text.Dino_Update
                0x080008bc       0x7c ./SDK_1.0.3_NUCLEO-F401RE/shared/Middle/Dino/Dino.o
                0x080008bc                Dino_Update
 .text.Dino_GetHitBox
                0x08000938       0x36 ./SDK_1.0.3_NUCLEO-F401RE/shared/Middle/Dino/Dino.o
                0x08000938                Dino_GetHitBox
 .text.Game_Init
                0x0800096e       0x5a ./SDK_1.0.3_NUCLEO-F401RE/shared/Middle/Game/Game.o
                0x0800096e                Game_Init
 .text.Game_Reset
                0x080009c8       0x3e ./SDK_1.0.3_NUCLEO-F401RE/shared/Middle/Game/Game.o
                0x080009c8                Game_Reset
 .text.Game_Update
                0x08000a06       0x26 ./SDK_1.0.3_NUCLEO-F401RE/shared/Middle/Game/Game.o
                0x08000a06                Game_Update
 .text.Game_UpdatePlaying
                0x08000a2c       0x78 ./SDK_1.0.3_NUCLEO-F401RE/shared/Middle/Game/Game.o
 .text.Game_CheckCollision
                0x08000aa4       0x20 ./SDK_1.0.3_NUCLEO-F401RE/shared/Middle/Game/Game.o
 .text.Game_GetState
                0x08000ac4       0x1a ./SDK_1.0.3_NUCLEO-F401RE/shared/Middle/Game/Game.o
                0x08000ac4                Game_GetState
 .text.Game_GetScore
                0x08000ade       0x1a ./SDK_1.0.3_NUCLEO-F401RE/shared/Middle/Game/Game.o
                0x08000ade                Game_GetScore
 .text.Game_GetHighScore
                0x08000af8       0x1a ./SDK_1.0.3_NUCLEO-F401RE/shared/Middle/Game/Game.o
                0x08000af8                Game_GetHighScore
 .text.Game_GetDino
                0x08000b12       0x16 ./SDK_1.0.3_NUCLEO-F401RE/shared/Middle/Game/Game.o
                0x08000b12                Game_GetDino
 .text.Game_GetObstacleManager
                0x08000b28       0x18 ./SDK_1.0.3_NUCLEO-F401RE/shared/Middle/Game/Game.o
                0x08000b28                Game_GetObstacleManager
 .text.ObstacleManager_Reset
                0x08000b40       0x48 ./SDK_1.0.3_NUCLEO-F401RE/shared/Middle/Obstracle/Obstacle.o
                0x08000b40                ObstacleManager_Reset
 .text.ObstacleManager_Update
                0x08000b88      0x20c ./SDK_1.0.3_NUCLEO-F401RE/shared/Middle/Obstracle/Obstacle.o
                0x08000b88                ObstacleManager_Update
 .text.ObstacleManager_CheckCollision
                0x08000d94       0x9c ./SDK_1.0.3_NUCLEO-F401RE/shared/Middle/Obstracle/Obstacle.o
                0x08000d94                ObstacleManager_CheckCollision
 .text.NVIC_SetPriority
                0x08000e30       0x54 ./SDK_1.0.3_NUCLEO-F401RE/shared/Middle/rtos/timer.o
 .text.SysTick_Config
                0x08000e84       0x44 ./SDK_1.0.3_NUCLEO-F401RE/shared/Middle/rtos/timer.o
 .text.TimerInit
                0x08000ec8       0x44 ./SDK_1.0.3_NUCLEO-F401RE/shared/Middle/rtos/timer.o
                0x08000ec8                TimerInit
 .text.TimerStart
                0x08000f0c       0xc4 ./SDK_1.0.3_NUCLEO-F401RE/shared/Middle/rtos/timer.o
                0x08000f0c                TimerStart
 .text.TimerStop
                0x08000fd0       0xa0 ./SDK_1.0.3_NUCLEO-F401RE/shared/Middle/rtos/timer.o
                0x08000fd0                TimerStop
 .text.GetMilSecTick
                0x08001070       0x18 ./SDK_1.0.3_NUCLEO-F401RE/shared/Middle/rtos/timer.o
                0x08001070                GetMilSecTick
 .text.processTimerScheduler
                0x08001088       0xf4 ./SDK_1.0.3_NUCLEO-F401RE/shared/Middle/rtos/timer.o
                0x08001088                processTimerScheduler
 .text.TimeExpired
                0x0800117c       0xd4 ./SDK_1.0.3_NUCLEO-F401RE/shared/Middle/rtos/timer.o
 .text.SysTick_Handler
                0x08001250       0x1c ./SDK_1.0.3_NUCLEO-F401RE/shared/Middle/rtos/timer.o
                0x08001250                SysTick_Handler
 .text.USART2_IRQHandler
                0x0800126c       0x54 ./SDK_1.0.3_NUCLEO-F401RE/shared/Middle/serial/serial.o
                0x0800126c                USART2_IRQHandler
 .text.delayMicroseconds
                0x080012c0       0x14 ./SDK_1.0.3_NUCLEO-F401RE/shared/Middle/ucglib/Ucglib.o
 .text.ucg_gpio_init
                0x080012d4       0x60 ./SDK_1.0.3_NUCLEO-F401RE/shared/Middle/ucglib/Ucglib.o
 .text.ucg_com_arduino_send_generic_SW_SPI
                0x08001334       0x74 ./SDK_1.0.3_NUCLEO-F401RE/shared/Middle/ucglib/Ucglib.o
 .text.ucg_com_arduino_generic_SW_SPI
                0x080013a8      0x1ec ./SDK_1.0.3_NUCLEO-F401RE/shared/Middle/ucglib/Ucglib.o
 .text.Ucglib4WireSWSPI_begin
                0x08001594       0x38 ./SDK_1.0.3_NUCLEO-F401RE/shared/Middle/ucglib/Ucglib.o
                0x08001594                Ucglib4WireSWSPI_begin
 .text.ucg_DrawBox
                0x080015cc       0x58 ./SDK_1.0.3_NUCLEO-F401RE/shared/Middle/ucglib/ucg_box.o
                0x080015cc                ucg_DrawBox
 .text.ucg_ClearScreen
                0x08001624       0x50 ./SDK_1.0.3_NUCLEO-F401RE/shared/Middle/ucglib/ucg_box.o
                0x08001624                ucg_ClearScreen
 .text.ucg_ccs_init
                0x08001674       0xc0 ./SDK_1.0.3_NUCLEO-F401RE/shared/Middle/ucglib/ucg_ccs.o
                0x08001674                ucg_ccs_init
 .text.ucg_ccs_step
                0x08001734       0x80 ./SDK_1.0.3_NUCLEO-F401RE/shared/Middle/ucglib/ucg_ccs.o
                0x08001734                ucg_ccs_step
 .text.ucg_ccs_seek
                0x080017b4       0xca ./SDK_1.0.3_NUCLEO-F401RE/shared/Middle/ucglib/ucg_ccs.o
                0x080017b4                ucg_ccs_seek
 .text.ucg_clip_is_x_visible
                0x0800187e       0x4a ./SDK_1.0.3_NUCLEO-F401RE/shared/Middle/ucglib/ucg_clip.o
 .text.ucg_clip_is_y_visible
                0x080018c8       0x4a ./SDK_1.0.3_NUCLEO-F401RE/shared/Middle/ucglib/ucg_clip.o
 .text.ucg_clip_intersection
                0x08001912       0x74 ./SDK_1.0.3_NUCLEO-F401RE/shared/Middle/ucglib/ucg_clip.o
 .text.ucg_clip_is_pixel_visible
                0x08001986       0x32 ./SDK_1.0.3_NUCLEO-F401RE/shared/Middle/ucglib/ucg_clip.o
                0x08001986                ucg_clip_is_pixel_visible
 .text.ucg_clip_l90fx
                0x080019b8      0x300 ./SDK_1.0.3_NUCLEO-F401RE/shared/Middle/ucglib/ucg_clip.o
                0x080019b8                ucg_clip_l90fx
 .text.ucg_clip_l90se
                0x08001cb8       0x54 ./SDK_1.0.3_NUCLEO-F401RE/shared/Middle/ucglib/ucg_clip.o
                0x08001cb8                ucg_clip_l90se
 .text.ucg_com_PowerDown
                0x08001d0c       0x3e ./SDK_1.0.3_NUCLEO-F401RE/shared/Middle/ucglib/ucg_com_msg_api.o
                0x08001d0c                ucg_com_PowerDown
 .text.ucg_com_PowerUp
                0x08001d4a       0x60 ./SDK_1.0.3_NUCLEO-F401RE/shared/Middle/ucglib/ucg_com_msg_api.o
                0x08001d4a                ucg_com_PowerUp
 .text.ucg_com_SetLineStatus
                0x08001daa       0xe2 ./SDK_1.0.3_NUCLEO-F401RE/shared/Middle/ucglib/ucg_com_msg_api.o
                0x08001daa                ucg_com_SetLineStatus
 .text.ucg_com_SetResetLineStatus
                0x08001e8c       0x20 ./SDK_1.0.3_NUCLEO-F401RE/shared/Middle/ucglib/ucg_com_msg_api.o
                0x08001e8c                ucg_com_SetResetLineStatus
 .text.ucg_com_SetCSLineStatus
                0x08001eac       0x20 ./SDK_1.0.3_NUCLEO-F401RE/shared/Middle/ucglib/ucg_com_msg_api.o
                0x08001eac                ucg_com_SetCSLineStatus
 .text.ucg_com_SetCDLineStatus
                0x08001ecc       0x20 ./SDK_1.0.3_NUCLEO-F401RE/shared/Middle/ucglib/ucg_com_msg_api.o
                0x08001ecc                ucg_com_SetCDLineStatus
 .text.ucg_com_DelayMicroseconds
                0x08001eec       0x22 ./SDK_1.0.3_NUCLEO-F401RE/shared/Middle/ucglib/ucg_com_msg_api.o
                0x08001eec                ucg_com_DelayMicroseconds
 .text.ucg_com_DelayMilliseconds
                0x08001f0e       0x2e ./SDK_1.0.3_NUCLEO-F401RE/shared/Middle/ucglib/ucg_com_msg_api.o
                0x08001f0e                ucg_com_DelayMilliseconds
 .text.ucg_com_SendByte
                0x08001f3c       0x24 ./SDK_1.0.3_NUCLEO-F401RE/shared/Middle/ucglib/ucg_com_msg_api.o
                0x08001f3c                ucg_com_SendByte
 .text.ucg_com_SendStringP
                0x08001f60       0x42 ./SDK_1.0.3_NUCLEO-F401RE/shared/Middle/ucglib/ucg_com_msg_api.o
                0x08001f60                ucg_com_SendStringP
 .text.ucg_com_SendCmdArg
                0x08001fa2       0x74 ./SDK_1.0.3_NUCLEO-F401RE/shared/Middle/ucglib/ucg_com_msg_api.o
 *fill*         0x08002016        0x2 
 .text.ucg_com_SendCmdSeq
                0x08002018      0x27c ./SDK_1.0.3_NUCLEO-F401RE/shared/Middle/ucglib/ucg_com_msg_api.o
                0x08002018                ucg_com_SendCmdSeq
 .text.ucg_dev_default_cb
                0x08002294       0x44 ./SDK_1.0.3_NUCLEO-F401RE/shared/Middle/ucglib/ucg_dev_default_cb.o
                0x08002294                ucg_dev_default_cb
 .text.ucg_ext_none
                0x080022d8       0x1c ./SDK_1.0.3_NUCLEO-F401RE/shared/Middle/ucglib/ucg_dev_default_cb.o
                0x080022d8                ucg_ext_none
 .text.ucg_handle_st7735_l90fx
                0x080022f4       0xdc ./SDK_1.0.3_NUCLEO-F401RE/shared/Middle/ucglib/ucg_dev_ic_st7735.o
                0x080022f4                ucg_handle_st7735_l90fx
 .text.ucg_handle_st7735_l90se
                0x080023d0      0x15c ./SDK_1.0.3_NUCLEO-F401RE/shared/Middle/ucglib/ucg_dev_ic_st7735.o
                0x080023d0                ucg_handle_st7735_l90se
 .text.ucg_dev_ic_st7735_18
                0x0800252c       0xf8 ./SDK_1.0.3_NUCLEO-F401RE/shared/Middle/ucglib/ucg_dev_ic_st7735.o
                0x0800252c                ucg_dev_ic_st7735_18
 .text.ucg_ext_st7735_18
                0x08002624       0x28 ./SDK_1.0.3_NUCLEO-F401RE/shared/Middle/ucglib/ucg_dev_ic_st7735.o
                0x08002624                ucg_ext_st7735_18
 .text.ucg_PowerDown
                0x0800264c       0x34 ./SDK_1.0.3_NUCLEO-F401RE/shared/Middle/ucglib/ucg_dev_msg_api.o
                0x0800264c                ucg_PowerDown
 .text.ucg_PowerUp
                0x08002680       0x3c ./SDK_1.0.3_NUCLEO-F401RE/shared/Middle/ucglib/ucg_dev_msg_api.o
                0x08002680                ucg_PowerUp
 .text.ucg_SetClipBox
                0x080026bc       0x1e ./SDK_1.0.3_NUCLEO-F401RE/shared/Middle/ucglib/ucg_dev_msg_api.o
                0x080026bc                ucg_SetClipBox
 .text.ucg_SetMaxClipRange
                0x080026da       0x30 ./SDK_1.0.3_NUCLEO-F401RE/shared/Middle/ucglib/ucg_dev_msg_api.o
                0x080026da                ucg_SetMaxClipRange
 .text.ucg_GetDimension
                0x0800270a       0x24 ./SDK_1.0.3_NUCLEO-F401RE/shared/Middle/ucglib/ucg_dev_msg_api.o
                0x0800270a                ucg_GetDimension
 .text.ucg_DrawL90FXWithArg
                0x0800272e       0x1e ./SDK_1.0.3_NUCLEO-F401RE/shared/Middle/ucglib/ucg_dev_msg_api.o
                0x0800272e                ucg_DrawL90FXWithArg
 .text.ucg_dev_st7735_18x128x128
                0x0800274c       0x88 ./SDK_1.0.3_NUCLEO-F401RE/shared/Middle/ucglib/ucg_dev_tft_128x128_st7735.o
                0x0800274c                ucg_dev_st7735_18x128x128
 .text.ucg_font_get_byte
                0x080027d4       0x24 ./SDK_1.0.3_NUCLEO-F401RE/shared/Middle/ucglib/ucg_font.o
 .text.ucg_font_get_word
                0x080027f8       0x40 ./SDK_1.0.3_NUCLEO-F401RE/shared/Middle/ucglib/ucg_font.o
 .text.ucg_read_font_info
                0x08002838      0x142 ./SDK_1.0.3_NUCLEO-F401RE/shared/Middle/ucglib/ucg_font.o
                0x08002838                ucg_read_font_info
 .text.ucg_font_decode_get_unsigned_bits
                0x0800297a       0x96 ./SDK_1.0.3_NUCLEO-F401RE/shared/Middle/ucglib/ucg_font.o
                0x0800297a                ucg_font_decode_get_unsigned_bits
 .text.ucg_font_decode_get_signed_bits
                0x08002a10       0x46 ./SDK_1.0.3_NUCLEO-F401RE/shared/Middle/ucglib/ucg_font.o
                0x08002a10                ucg_font_decode_get_signed_bits
 .text.ucg_add_vector_y
                0x08002a56       0x80 ./SDK_1.0.3_NUCLEO-F401RE/shared/Middle/ucglib/ucg_font.o
 .text.ucg_add_vector_x
                0x08002ad6       0x80 ./SDK_1.0.3_NUCLEO-F401RE/shared/Middle/ucglib/ucg_font.o
 .text.ucg_font_decode_len
                0x08002b56      0x114 ./SDK_1.0.3_NUCLEO-F401RE/shared/Middle/ucglib/ucg_font.o
                0x08002b56                ucg_font_decode_len
 .text.ucg_font_setup_decode
                0x08002c6a       0x64 ./SDK_1.0.3_NUCLEO-F401RE/shared/Middle/ucglib/ucg_font.o
 .text.ucg_font_decode_glyph
                0x08002cce      0x14c ./SDK_1.0.3_NUCLEO-F401RE/shared/Middle/ucglib/ucg_font.o
                0x08002cce                ucg_font_decode_glyph
 .text.ucg_font_get_glyph_data
                0x08002e1a       0x7a ./SDK_1.0.3_NUCLEO-F401RE/shared/Middle/ucglib/ucg_font.o
                0x08002e1a                ucg_font_get_glyph_data
 .text.ucg_font_draw_glyph
                0x08002e94       0x62 ./SDK_1.0.3_NUCLEO-F401RE/shared/Middle/ucglib/ucg_font.o
                0x08002e94                ucg_font_draw_glyph
 .text.ucg_SetFontMode
                0x08002ef6       0x20 ./SDK_1.0.3_NUCLEO-F401RE/shared/Middle/ucglib/ucg_font.o
                0x08002ef6                ucg_SetFontMode
 *fill*         0x08002f16        0x2 
 .text.ucg_DrawGlyph
                0x08002f18       0xb0 ./SDK_1.0.3_NUCLEO-F401RE/shared/Middle/ucglib/ucg_font.o
                0x08002f18                ucg_DrawGlyph
 .text.task_drawString
                0x08002fc8      0x138 ./SDK_1.0.3_NUCLEO-F401RE/shared/Middle/ucglib/ucg_font.o
                0x08002fc8                task_drawString
 .text.ucg_DrawString
                0x08003100       0x78 ./SDK_1.0.3_NUCLEO-F401RE/shared/Middle/ucglib/ucg_font.o
                0x08003100                ucg_DrawString
 .text.ucg_UpdateRefHeight
                0x08003178       0xd8 ./SDK_1.0.3_NUCLEO-F401RE/shared/Middle/ucglib/ucg_font.o
                0x08003178                ucg_UpdateRefHeight
 .text.ucg_font_calc_vref_font
                0x08003250       0x16 ./SDK_1.0.3_NUCLEO-F401RE/shared/Middle/ucglib/ucg_font.o
                0x08003250                ucg_font_calc_vref_font
 *fill*         0x08003266        0x2 
 .text.ucg_SetFontPosBaseline
                0x08003268       0x20 ./SDK_1.0.3_NUCLEO-F401RE/shared/Middle/ucglib/ucg_font.o
                0x08003268                ucg_SetFontPosBaseline
 .text.ucg_SetFont
                0x08003288       0x4c ./SDK_1.0.3_NUCLEO-F401RE/shared/Middle/ucglib/ucg_font.o
                0x08003288                ucg_SetFont
 .text.ucg_init_struct
                0x080032d4       0x50 ./SDK_1.0.3_NUCLEO-F401RE/shared/Middle/ucglib/ucg_init.o
                0x080032d4                ucg_init_struct
 .text.ucg_Init
                0x08003324       0x5c ./SDK_1.0.3_NUCLEO-F401RE/shared/Middle/ucglib/ucg_init.o
                0x08003324                ucg_Init
 .text.ucg_Draw90Line
                0x08003380       0x88 ./SDK_1.0.3_NUCLEO-F401RE/shared/Middle/ucglib/ucg_line.o
                0x08003380                ucg_Draw90Line
 .text.ucg_DrawHLine
                0x08003408       0x3c ./SDK_1.0.3_NUCLEO-F401RE/shared/Middle/ucglib/ucg_line.o
                0x08003408                ucg_DrawHLine
 .text.ucg_SetColor
                0x08003444       0x5c ./SDK_1.0.3_NUCLEO-F401RE/shared/Middle/ucglib/ucg_pixel.o
                0x08003444                ucg_SetColor
 .text.ucg_UndoRotate
                0x080034a0       0x32 ./SDK_1.0.3_NUCLEO-F401RE/shared/Middle/ucglib/ucg_rotate.o
                0x080034a0                ucg_UndoRotate
 .text.ucg_rotate_180_xy
                0x080034d2       0x66 ./SDK_1.0.3_NUCLEO-F401RE/shared/Middle/ucglib/ucg_rotate.o
 .text.ucg_dev_rotate180
                0x08003538      0x100 ./SDK_1.0.3_NUCLEO-F401RE/shared/Middle/ucglib/ucg_rotate.o
                0x08003538                ucg_dev_rotate180
 .text.ucg_SetRotate180
                0x08003638       0x34 ./SDK_1.0.3_NUCLEO-F401RE/shared/Middle/ucglib/ucg_rotate.o
                0x08003638                ucg_SetRotate180
 .text.bufInit  0x0800366c       0x36 ./SDK_1.0.3_NUCLEO-F401RE/shared/Utilities/buff.o
                0x0800366c                bufInit
 .text.bufNumItems
                0x080036a2       0x18 ./SDK_1.0.3_NUCLEO-F401RE/shared/Utilities/buff.o
                0x080036a2                bufNumItems
 .text.bufIsFull
                0x080036ba       0x26 ./SDK_1.0.3_NUCLEO-F401RE/shared/Utilities/buff.o
                0x080036ba                bufIsFull
 .text.bufIsEmpty
                0x080036e0       0x26 ./SDK_1.0.3_NUCLEO-F401RE/shared/Utilities/buff.o
                0x080036e0                bufIsEmpty
 .text.bufFlush
                0x08003706       0x32 ./SDK_1.0.3_NUCLEO-F401RE/shared/Utilities/buff.o
                0x08003706                bufFlush
 .text.bufEnDat
                0x08003738       0x9e ./SDK_1.0.3_NUCLEO-F401RE/shared/Utilities/buff.o
                0x08003738                bufEnDat
 .text.bufDeDat
                0x080037d6       0x8a ./SDK_1.0.3_NUCLEO-F401RE/shared/Utilities/buff.o
                0x080037d6                bufDeDat
 .text.memsetl  0x08003860       0x34 ./SDK_1.0.3_NUCLEO-F401RE/shared/Utilities/utilities.o
                0x08003860                memsetl
 .text.main     0x08003894      0x170 ./Src/main.o
                0x08003894                main
 .text.LCD_Init
                0x08003a04       0x50 ./Src/main.o
 .text.UpdateMenu
                0x08003a54       0x60 ./Src/main.o
 .text.RenderMenu
                0x08003ab4      0x148 ./Src/main.o
 .text.IntToStr
                0x08003bfc       0xb8 ./Src/main.o
 .text.DrawNumber
                0x08003cb4       0x74 ./Src/main.o
 .text.RenderHighScore
                0x08003d28       0x84 ./Src/main.o
 .text.UpdateLevelMenu
                0x08003dac       0x60 ./Src/main.o
 .text.RenderLevelMenu
                0x08003e0c      0x108 ./Src/main.o
 .text.DrawDino
                0x08003f14       0x94 ./Src/main.o
 .text.DrawOneCactus
                0x08003fa8       0x88 ./Src/main.o
 .text.DrawObstacles
                0x08004030       0xcc ./Src/main.o
 .text.DrawScoreLabel
                0x080040fc       0x40 ./Src/main.o
 .text.DrawScoreNumber
                0x0800413c       0xd0 ./Src/main.o
 .text.RenderPlaying
                0x0800420c       0xdc ./Src/main.o
 .text.RenderGameOver
                0x080042e8       0x68 ./Src/main.o
 .text.ReadGameInput
                0x08004350      0x124 ./Src/main.o
 .text.AppInitCommon
                0x08004474       0x14 ./Src/main.o
 .text.BuzzerControl_SetStatus
                0x08004488       0x60 ./Src/main.o
 .text.ButtonRead_Status
                0x080044e8       0x2e ./Src/main.o
 .text.Delay    0x08004516       0x40 ./Src/main.o
 *fill*         0x08004556        0x2 
 .text.Buzzer_Init
                0x08004558       0x3c ./Src/main.o
 .text.Button_Init
                0x08004594       0x50 ./Src/main.o
 .text._getpid  0x080045e4       0x10 ./Src/syscalls.o
                0x080045e4                _getpid
 .text._kill    0x080045f4       0x20 ./Src/syscalls.o
                0x080045f4                _kill
 .text._exit    0x08004614       0x16 ./Src/syscalls.o
                0x08004614                _exit
 .text._read    0x0800462a       0x3a ./Src/syscalls.o
                0x0800462a                _read
 .text._write   0x08004664       0x38 ./Src/syscalls.o
                0x08004664                _write
 .text._close   0x0800469c       0x18 ./Src/syscalls.o
                0x0800469c                _close
 .text._fstat   0x080046b4       0x20 ./Src/syscalls.o
                0x080046b4                _fstat
 .text._isatty  0x080046d4       0x16 ./Src/syscalls.o
                0x080046d4                _isatty
 .text._lseek   0x080046ea       0x1a ./Src/syscalls.o
                0x080046ea                _lseek
 .text._sbrk    0x08004704       0x6c ./Src/sysmem.o
                0x08004704                _sbrk
 .text.Reset_Handler
                0x08004770       0x50 ./Startup/startup_stm32f401retx.o
                0x08004770                Reset_Handler
 .text.Default_Handler
                0x080047c0        0x2 ./Startup/startup_stm32f401retx.o
                0x080047c0                EXTI2_IRQHandler
                0x080047c0                DebugMon_Handler
                0x080047c0                SPI4_IRQHandler
                0x080047c0                TIM1_CC_IRQHandler
                0x080047c0                DMA2_Stream5_IRQHandler
                0x080047c0                HardFault_Handler
                0x080047c0                DMA1_Stream5_IRQHandler
                0x080047c0                SDIO_IRQHandler
                0x080047c0                TAMP_STAMP_IRQHandler
                0x080047c0                PendSV_Handler
                0x080047c0                NMI_Handler
                0x080047c0                EXTI3_IRQHandler
                0x080047c0                TIM1_UP_TIM10_IRQHandler
                0x080047c0                I2C3_ER_IRQHandler
                0x080047c0                EXTI18_OTG_FS_WKUP_IRQHandler
                0x080047c0                EXTI0_IRQHandler
                0x080047c0                I2C2_EV_IRQHandler
                0x080047c0                DMA1_Stream2_IRQHandler
                0x080047c0                UsageFault_Handler
                0x080047c0                DMA2_Stream2_IRQHandler
                0x080047c0                SPI1_IRQHandler
                0x080047c0                TIM1_BRK_TIM9_IRQHandler
                0x080047c0                DMA2_Stream3_IRQHandler
                0x080047c0                USART6_IRQHandler
                0x080047c0                DMA2_Stream0_IRQHandler
                0x080047c0                TIM4_IRQHandler
                0x080047c0                I2C1_EV_IRQHandler
                0x080047c0                DMA1_Stream6_IRQHandler
                0x080047c0                DMA1_Stream1_IRQHandler
                0x080047c0                TIM3_IRQHandler
                0x080047c0                RCC_IRQHandler
                0x080047c0                Default_Handler
                0x080047c0                EXTI15_10_IRQHandler
                0x080047c0                ADC_IRQHandler
                0x080047c0                DMA1_Stream7_IRQHandler
                0x080047c0                TIM5_IRQHandler
                0x080047c0                DMA2_Stream7_IRQHandler
                0x080047c0                I2C3_EV_IRQHandler
                0x080047c0                EXTI9_5_IRQHandler
                0x080047c0                SPI2_IRQHandler
                0x080047c0                MemManage_Handler
                0x080047c0                DMA1_Stream0_IRQHandler
                0x080047c0                SVC_Handler
                0x080047c0                EXTI4_IRQHandler
                0x080047c0                EXTI22_RTC_WKUP_IRQHandler
                0x080047c0                TIM2_IRQHandler
                0x080047c0                EXTI16_PVD_IRQHandler
                0x080047c0                TIM1_TRG_COM_TIM11_IRQHandler
                0x080047c0                EXTI1_IRQHandler
                0x080047c0                EXTI17_RTC_Alarm_IRQHandler
                0x080047c0                I2C2_ER_IRQHandler
                0x080047c0                DMA2_Stream1_IRQHandler
                0x080047c0                FLASH_IRQHandler
                0x080047c0                DMA2_Stream4_IRQHandler
                0x080047c0                BusFault_Handler
                0x080047c0                USART1_IRQHandler
                0x080047c0                OTG_FS_IRQHandler
                0x080047c0                SPI3_IRQHandler
                0x080047c0                DMA1_Stream4_IRQHandler
                0x080047c0                I2C1_ER_IRQHandler
                0x080047c0                DMA2_Stream6_IRQHandler
                0x080047c0                DMA1_Stream3_IRQHandler
 *fill*         0x080047c2        0x2 
 .text.rand     0x080047c4       0x7c C:/ST/STM32CubeIDE_2.0.0/STM32CubeIDE/plugins/com.st.stm32cube.ide.mcu.externaltools.gnu-tools-for-stm32.13.3.rel1.win32_1.0.100.202509120712/tools/bin/../lib/gcc/arm-none-eabi/13.3.1/../../../../arm-none-eabi/lib/thumb/v7e-m+fp/hard\libc_nano.a(libc_a-rand.o)
                0x080047c4                rand
 .text.std      0x08004840       0x6c C:/ST/STM32CubeIDE_2.0.0/STM32CubeIDE/plugins/com.st.stm32cube.ide.mcu.externaltools.gnu-tools-for-stm32.13.3.rel1.win32_1.0.100.202509120712/tools/bin/../lib/gcc/arm-none-eabi/13.3.1/../../../../arm-none-eabi/lib/thumb/v7e-m+fp/hard\libc_nano.a(libc_a-findfp.o)
 .text.stdio_exit_handler
                0x080048ac       0x18 C:/ST/STM32CubeIDE_2.0.0/STM32CubeIDE/plugins/com.st.stm32cube.ide.mcu.externaltools.gnu-tools-for-stm32.13.3.rel1.win32_1.0.100.202509120712/tools/bin/../lib/gcc/arm-none-eabi/13.3.1/../../../../arm-none-eabi/lib/thumb/v7e-m+fp/hard\libc_nano.a(libc_a-findfp.o)
 .text.cleanup_stdio
                0x080048c4       0x40 C:/ST/STM32CubeIDE_2.0.0/STM32CubeIDE/plugins/com.st.stm32cube.ide.mcu.externaltools.gnu-tools-for-stm32.13.3.rel1.win32_1.0.100.202509120712/tools/bin/../lib/gcc/arm-none-eabi/13.3.1/../../../../arm-none-eabi/lib/thumb/v7e-m+fp/hard\libc_nano.a(libc_a-findfp.o)
 .text.global_stdio_init.part.0
                0x08004904       0x3c C:/ST/STM32CubeIDE_2.0.0/STM32CubeIDE/plugins/com.st.stm32cube.ide.mcu.externaltools.gnu-tools-for-stm32.13.3.rel1.win32_1.0.100.202509120712/tools/bin/../lib/gcc/arm-none-eabi/13.3.1/../../../../arm-none-eabi/lib/thumb/v7e-m+fp/hard\libc_nano.a(libc_a-findfp.o)
 .text.__sfp_lock_acquire
                0x08004940        0xc C:/ST/STM32CubeIDE_2.0.0/STM32CubeIDE/plugins/com.st.stm32cube.ide.mcu.externaltools.gnu-tools-for-stm32.13.3.rel1.win32_1.0.100.202509120712/tools/bin/../lib/gcc/arm-none-eabi/13.3.1/../../../../arm-none-eabi/lib/thumb/v7e-m+fp/hard\libc_nano.a(libc_a-findfp.o)
                0x08004940                __sfp_lock_acquire
 .text.__sfp_lock_release
                0x0800494c        0xc C:/ST/STM32CubeIDE_2.0.0/STM32CubeIDE/plugins/com.st.stm32cube.ide.mcu.externaltools.gnu-tools-for-stm32.13.3.rel1.win32_1.0.100.202509120712/tools/bin/../lib/gcc/arm-none-eabi/13.3.1/../../../../arm-none-eabi/lib/thumb/v7e-m+fp/hard\libc_nano.a(libc_a-findfp.o)
                0x0800494c                __sfp_lock_release
 .text.__sinit  0x08004958       0x30 C:/ST/STM32CubeIDE_2.0.0/STM32CubeIDE/plugins/com.st.stm32cube.ide.mcu.externaltools.gnu-tools-for-stm32.13.3.rel1.win32_1.0.100.202509120712/tools/bin/../lib/gcc/arm-none-eabi/13.3.1/../../../../arm-none-eabi/lib/thumb/v7e-m+fp/hard\libc_nano.a(libc_a-findfp.o)
                0x08004958                __sinit
 .text._fwalk_sglue
                0x08004988       0x3c C:/ST/STM32CubeIDE_2.0.0/STM32CubeIDE/plugins/com.st.stm32cube.ide.mcu.externaltools.gnu-tools-for-stm32.13.3.rel1.win32_1.0.100.202509120712/tools/bin/../lib/gcc/arm-none-eabi/13.3.1/../../../../arm-none-eabi/lib/thumb/v7e-m+fp/hard\libc_nano.a(libc_a-fwalk.o)
                0x08004988                _fwalk_sglue
 .text.__sread  0x080049c4       0x22 C:/ST/STM32CubeIDE_2.0.0/STM32CubeIDE/plugins/com.st.stm32cube.ide.mcu.externaltools.gnu-tools-for-stm32.13.3.rel1.win32_1.0.100.202509120712/tools/bin/../lib/gcc/arm-none-eabi/13.3.1/../../../../arm-none-eabi/lib/thumb/v7e-m+fp/hard\libc_nano.a(libc_a-stdio.o)
                0x080049c4                __sread
 .text.__swrite
                0x080049e6       0x38 C:/ST/STM32CubeIDE_2.0.0/STM32CubeIDE/plugins/com.st.stm32cube.ide.mcu.externaltools.gnu-tools-for-stm32.13.3.rel1.win32_1.0.100.202509120712/tools/bin/../lib/gcc/arm-none-eabi/13.3.1/../../../../arm-none-eabi/lib/thumb/v7e-m+fp/hard\libc_nano.a(libc_a-stdio.o)
                0x080049e6                __swrite
 .text.__sseek  0x08004a1e       0x24 C:/ST/STM32CubeIDE_2.0.0/STM32CubeIDE/plugins/com.st.stm32cube.ide.mcu.externaltools.gnu-tools-for-stm32.13.3.rel1.win32_1.0.100.202509120712/tools/bin/../lib/gcc/arm-none-eabi/13.3.1/../../../../arm-none-eabi/lib/thumb/v7e-m+fp/hard\libc_nano.a(libc_a-stdio.o)
                0x08004a1e                __sseek
 .text.__sclose
                0x08004a42        0x8 C:/ST/STM32CubeIDE_2.0.0/STM32CubeIDE/plugins/com.st.stm32cube.ide.mcu.externaltools.gnu-tools-for-stm32.13.3.rel1.win32_1.0.100.202509120712/tools/bin/../lib/gcc/arm-none-eabi/13.3.1/../../../../arm-none-eabi/lib/thumb/v7e-m+fp/hard\libc_nano.a(libc_a-stdio.o)
                0x08004a42                __sclose
 .text.memset   0x08004a4a       0x10 C:/ST/STM32CubeIDE_2.0.0/STM32CubeIDE/plugins/com.st.stm32cube.ide.mcu.externaltools.gnu-tools-for-stm32.13.3.rel1.win32_1.0.100.202509120712/tools/bin/../lib/gcc/arm-none-eabi/13.3.1/../../../../arm-none-eabi/lib/thumb/v7e-m+fp/hard\libc_nano.a(libc_a-memset.o)
                0x08004a4a                memset
 *fill*         0x08004a5a        0x2 
 .text._close_r
                0x08004a5c       0x20 C:/ST/STM32CubeIDE_2.0.0/STM32CubeIDE/plugins/com.st.stm32cube.ide.mcu.externaltools.gnu-tools-for-stm32.13.3.rel1.win32_1.0.100.202509120712/tools/bin/../lib/gcc/arm-none-eabi/13.3.1/../../../../arm-none-eabi/lib/thumb/v7e-m+fp/hard\libc_nano.a(libc_a-closer.o)
                0x08004a5c                _close_r
 .text._lseek_r
                0x08004a7c       0x24 C:/ST/STM32CubeIDE_2.0.0/STM32CubeIDE/plugins/com.st.stm32cube.ide.mcu.externaltools.gnu-tools-for-stm32.13.3.rel1.win32_1.0.100.202509120712/tools/bin/../lib/gcc/arm-none-eabi/13.3.1/../../../../arm-none-eabi/lib/thumb/v7e-m+fp/hard\libc_nano.a(libc_a-lseekr.o)
                0x08004a7c                _lseek_r
 .text._read_r  0x08004aa0       0x24 C:/ST/STM32CubeIDE_2.0.0/STM32CubeIDE/plugins/com.st.stm32cube.ide.mcu.externaltools.gnu-tools-for-stm32.13.3.rel1.win32_1.0.100.202509120712/tools/bin/../lib/gcc/arm-none-eabi/13.3.1/../../../../arm-none-eabi/lib/thumb/v7e-m+fp/hard\libc_nano.a(libc_a-readr.o)
                0x08004aa0                _read_r
 .text._write_r
                0x08004ac4       0x24 C:/ST/STM32CubeIDE_2.0.0/STM32CubeIDE/plugins/com.st.stm32cube.ide.mcu.externaltools.gnu-tools-for-stm32.13.3.rel1.win32_1.0.100.202509120712/tools/bin/../lib/gcc/arm-none-eabi/13.3.1/../../../../arm-none-eabi/lib/thumb/v7e-m+fp/hard\libc_nano.a(libc_a-writer.o)
                0x08004ac4                _write_r
 .text.__errno  0x08004ae8        0xc C:/ST/STM32CubeIDE_2.0.0/STM32CubeIDE/plugins/com.st.stm32cube.ide.mcu.externaltools.gnu-tools-for-stm32.13.3.rel1.win32_1.0.100.202509120712/tools/bin/../lib/gcc/arm-none-eabi/13.3.1/../../../../arm-none-eabi/lib/thumb/v7e-m+fp/hard\libc_nano.a(libc_a-errno.o)
                0x08004ae8                __errno
 .text.__libc_init_array
                0x08004af4       0x48 C:/ST/STM32CubeIDE_2.0.0/STM32CubeIDE/plugins/com.st.stm32cube.ide.mcu.externaltools.gnu-tools-for-stm32.13.3.rel1.win32_1.0.100.202509120712/tools/bin/../lib/gcc/arm-none-eabi/13.3.1/../../../../arm-none-eabi/lib/thumb/v7e-m+fp/hard\libc_nano.a(libc_a-init.o)
                0x08004af4                __libc_init_array
 .text.__retarget_lock_init_recursive
                0x08004b3c        0x2 C:/ST/STM32CubeIDE_2.0.0/STM32CubeIDE/plugins/com.st.stm32cube.ide.mcu.externaltools.gnu-tools-for-stm32.13.3.rel1.win32_1.0.100.202509120712/tools/bin/../lib/gcc/arm-none-eabi/13.3.1/../../../../arm-none-eabi/lib/thumb/v7e-m+fp/hard\libc_nano.a(libc_a-lock.o)
                0x08004b3c                __retarget_lock_init_recursive
 .text.__retarget_lock_acquire_recursive
                0x08004b3e        0x2 C:/ST/STM32CubeIDE_2.0.0/STM32CubeIDE/plugins/com.st.stm32cube.ide.mcu.externaltools.gnu-tools-for-stm32.13.3.rel1.win32_1.0.100.202509120712/tools/bin/../lib/gcc/arm-none-eabi/13.3.1/../../../../arm-none-eabi/lib/thumb/v7e-m+fp/hard\libc_nano.a(libc_a-lock.o)
                0x08004b3e                __retarget_lock_acquire_recursive
 .text.__retarget_lock_release_recursive
                0x08004b40        0x2 C:/ST/STM32CubeIDE_2.0.0/STM32CubeIDE/plugins/com.st.stm32cube.ide.mcu.externaltools.gnu-tools-for-stm32.13.3.rel1.win32_1.0.100.202509120712/tools/bin/../lib/gcc/arm-none-eabi/13.3.1/../../../../arm-none-eabi/lib/thumb/v7e-m+fp/hard\libc_nano.a(libc_a-lock.o)
                0x08004b40                __retarget_lock_release_recursive
 *fill*         0x08004b42        0x2 
 .text.__assert_func
                0x08004b44       0x3c C:/ST/STM32CubeIDE_2.0.0/STM32CubeIDE/plugins/com.st.stm32cube.ide.mcu.externaltools.gnu-tools-for-stm32.13.3.rel1.win32_1.0.100.202509120712/tools/bin/../lib/gcc/arm-none-eabi/13.3.1/../../../../arm-none-eabi/lib/thumb/v7e-m+fp/hard\libc_nano.a(libc_a-assert.o)
                0x08004b44                __assert_func
 .text._free_r  0x08004b80       0x94 C:/ST/STM32CubeIDE_2.0.0/STM32CubeIDE/plugins/com.st.stm32cube.ide.mcu.externaltools.gnu-tools-for-stm32.13.3.rel1.win32_1.0.100.202509120712/tools/bin/../lib/gcc/arm-none-eabi/13.3.1/../../../../arm-none-eabi/lib/thumb/v7e-m+fp/hard\libc_nano.a(libc_a-freer.o)
                0x08004b80                _free_r
 .text.malloc   0x08004c14       0x10 C:/ST/STM32CubeIDE_2.0.0/STM32CubeIDE/plugins/com.st.stm32cube.ide.mcu.externaltools.gnu-tools-for-stm32.13.3.rel1.win32_1.0.100.202509120712/tools/bin/../lib/gcc/arm-none-eabi/13.3.1/../../../../arm-none-eabi/lib/thumb/v7e-m+fp/hard\libc_nano.a(libc_a-malloc.o)
                0x08004c14                malloc
 .text.sbrk_aligned
                0x08004c24       0x44 C:/ST/STM32CubeIDE_2.0.0/STM32CubeIDE/plugins/com.st.stm32cube.ide.mcu.externaltools.gnu-tools-for-stm32.13.3.rel1.win32_1.0.100.202509120712/tools/bin/../lib/gcc/arm-none-eabi/13.3.1/../../../../arm-none-eabi/lib/thumb/v7e-m+fp/hard\libc_nano.a(libc_a-mallocr.o)
 .text._malloc_r
                0x08004c68      0x100 C:/ST/STM32CubeIDE_2.0.0/STM32CubeIDE/plugins/com.st.stm32cube.ide.mcu.externaltools.gnu-tools-for-stm32.13.3.rel1.win32_1.0.100.202509120712/tools/bin/../lib/gcc/arm-none-eabi/13.3.1/../../../../arm-none-eabi/lib/thumb/v7e-m+fp/hard\libc_nano.a(libc_a-mallocr.o)
                0x08004c68                _malloc_r
 .text.__malloc_lock
                0x08004d68        0xc C:/ST/STM32CubeIDE_2.0.0/STM32CubeIDE/plugins/com.st.stm32cube.ide.mcu.externaltools.gnu-tools-for-stm32.13.3.rel1.win32_1.0.100.202509120712/tools/bin/../lib/gcc/arm-none-eabi/13.3.1/../../../../arm-none-eabi/lib/thumb/v7e-m+fp/hard\libc_nano.a(libc_a-mlock.o)
                0x08004d68                __malloc_lock
 .text.__malloc_unlock
                0x08004d74        0xc C:/ST/STM32CubeIDE_2.0.0/STM32CubeIDE/plugins/com.st.stm32cube.ide.mcu.externaltools.gnu-tools-for-stm32.13.3.rel1.win32_1.0.100.202509120712/tools/bin/../lib/gcc/arm-none-eabi/13.3.1/../../../../arm-none-eabi/lib/thumb/v7e-m+fp/hard\libc_nano.a(libc_a-mlock.o)
                0x08004d74                __malloc_unlock
 .text.__sflush_r
                0x08004d80      0x108 C:/ST/STM32CubeIDE_2.0.0/STM32CubeIDE/plugins/com.st.stm32cube.ide.mcu.externaltools.gnu-tools-for-stm32.13.3.rel1.win32_1.0.100.202509120712/tools/bin/../lib/gcc/arm-none-eabi/13.3.1/../../../../arm-none-eabi/lib/thumb/v7e-m+fp/hard\libc_nano.a(libc_a-fflush.o)
                0x08004d80                __sflush_r
 .text._fflush_r
                0x08004e88       0x50 C:/ST/STM32CubeIDE_2.0.0/STM32CubeIDE/plugins/com.st.stm32cube.ide.mcu.externaltools.gnu-tools-for-stm32.13.3.rel1.win32_1.0.100.202509120712/tools/bin/../lib/gcc/arm-none-eabi/13.3.1/../../../../arm-none-eabi/lib/thumb/v7e-m+fp/hard\libc_nano.a(libc_a-fflush.o)
                0x08004e88                _fflush_r
 .text.fprintf  0x08004ed8       0x24 C:/ST/STM32CubeIDE_2.0.0/STM32CubeIDE/plugins/com.st.stm32cube.ide.mcu.externaltools.gnu-tools-for-stm32.13.3.rel1.win32_1.0.100.202509120712/tools/bin/../lib/gcc/arm-none-eabi/13.3.1/../../../../arm-none-eabi/lib/thumb/v7e-m+fp/hard\libc_nano.a(libc_a-fprintf.o)
                0x08004ed8                fiprintf
                0x08004ed8                fprintf
 .text._sbrk_r  0x08004efc       0x20 C:/ST/STM32CubeIDE_2.0.0/STM32CubeIDE/plugins/com.st.stm32cube.ide.mcu.externaltools.gnu-tools-for-stm32.13.3.rel1.win32_1.0.100.202509120712/tools/bin/../lib/gcc/arm-none-eabi/13.3.1/../../../../arm-none-eabi/lib/thumb/v7e-m+fp/hard\libc_nano.a(libc_a-sbrkr.o)
                0x08004efc                _sbrk_r
 .text.abort    0x08004f1c        0xe C:/ST/STM32CubeIDE_2.0.0/STM32CubeIDE/plugins/com.st.stm32cube.ide.mcu.externaltools.gnu-tools-for-stm32.13.3.rel1.win32_1.0.100.202509120712/tools/bin/../lib/gcc/arm-none-eabi/13.3.1/../../../../arm-none-eabi/lib/thumb/v7e-m+fp/hard\libc_nano.a(libc_a-abort.o)
                0x08004f1c                abort
 .text.__sfputc_r
                0x08004f2a       0x2e C:/ST/STM32CubeIDE_2.0.0/STM32CubeIDE/plugins/com.st.stm32cube.ide.mcu.externaltools.gnu-tools-for-stm32.13.3.rel1.win32_1.0.100.202509120712/tools/bin/../lib/gcc/arm-none-eabi/13.3.1/../../../../arm-none-eabi/lib/thumb/v7e-m+fp/hard\libc_nano.a(libc_a-nano-vfprintf.o)
 .text.__sfputs_r
                0x08004f58       0x24 C:/ST/STM32CubeIDE_2.0.0/STM32CubeIDE/plugins/com.st.stm32cube.ide.mcu.externaltools.gnu-tools-for-stm32.13.3.rel1.win32_1.0.100.202509120712/tools/bin/../lib/gcc/arm-none-eabi/13.3.1/../../../../arm-none-eabi/lib/thumb/v7e-m+fp/hard\libc_nano.a(libc_a-nano-vfprintf.o)
                0x08004f58                __sfputs_r
 .text._vfprintf_r
                0x08004f7c      0x230 C:/ST/STM32CubeIDE_2.0.0/STM32CubeIDE/plugins/com.st.stm32cube.ide.mcu.externaltools.gnu-tools-for-stm32.13.3.rel1.win32_1.0.100.202509120712/tools/bin/../lib/gcc/arm-none-eabi/13.3.1/../../../../arm-none-eabi/lib/thumb/v7e-m+fp/hard\libc_nano.a(libc_a-nano-vfprintf.o)
                0x08004f7c                _vfprintf_r
                0x08004f7c                _vfiprintf_r
 .text._printf_common
                0x080051ac       0xda C:/ST/STM32CubeIDE_2.0.0/STM32CubeIDE/plugins/com.st.stm32cube.ide.mcu.externaltools.gnu-tools-for-stm32.13.3.rel1.win32_1.0.100.202509120712/tools/bin/../lib/gcc/arm-none-eabi/13.3.1/../../../../arm-none-eabi/lib/thumb/v7e-m+fp/hard\libc_nano.a(libc_a-nano-vfprintf_i.o)
                0x080051ac                _printf_common
 *fill*         0x08005286        0x2 
 .text._printf_i
                0x08005288      0x23c C:/ST/STM32CubeIDE_2.0.0/STM32CubeIDE/plugins/com.st.stm32cube.ide.mcu.externaltools.gnu-tools-for-stm32.13.3.rel1.win32_1.0.100.202509120712/tools/bin/../lib/gcc/arm-none-eabi/13.3.1/../../../../arm-none-eabi/lib/thumb/v7e-m+fp/hard\libc_nano.a(libc_a-nano-vfprintf_i.o)
                0x08005288                _printf_i
 .text.__swbuf_r
                0x080054c4       0x7c C:/ST/STM32CubeIDE_2.0.0/STM32CubeIDE/plugins/com.st.stm32cube.ide.mcu.externaltools.gnu-tools-for-stm32.13.3.rel1.win32_1.0.100.202509120712/tools/bin/../lib/gcc/arm-none-eabi/13.3.1/../../../../arm-none-eabi/lib/thumb/v7e-m+fp/hard\libc_nano.a(libc_a-wbuf.o)
                0x080054c4                __swbuf_r
 .text.__swsetup_r
                0x08005540       0xac C:/ST/STM32CubeIDE_2.0.0/STM32CubeIDE/plugins/com.st.stm32cube.ide.mcu.externaltools.gnu-tools-for-stm32.13.3.rel1.win32_1.0.100.202509120712/tools/bin/../lib/gcc/arm-none-eabi/13.3.1/../../../../arm-none-eabi/lib/thumb/v7e-m+fp/hard\libc_nano.a(libc_a-wsetup.o)
                0x08005540                __swsetup_r
 .text._raise_r
                0x080055ec       0x50 C:/ST/STM32CubeIDE_2.0.0/STM32CubeIDE/plugins/com.st.stm32cube.ide.mcu.externaltools.gnu-tools-for-stm32.13.3.rel1.win32_1.0.100.202509120712/tools/bin/../lib/gcc/arm-none-eabi/13.3.1/../../../../arm-none-eabi/lib/thumb/v7e-m+fp/hard\libc_nano.a(libc_a-signal.o)
                0x080055ec                _raise_r
 .text.raise    0x0800563c       0x10 C:/ST/STM32CubeIDE_2.0.0/STM32CubeIDE/plugins/com.st.stm32cube.ide.mcu.externaltools.gnu-tools-for-stm32.13.3.rel1.win32_1.0.100.202509120712/tools/bin/../lib/gcc/arm-none-eabi/13.3.1/../../../../arm-none-eabi/lib/thumb/v7e-m+fp/hard\libc_nano.a(libc_a-signal.o)
                0x0800563c                raise
 .text._kill_r  0x0800564c       0x24 C:/ST/STM32CubeIDE_2.0.0/STM32CubeIDE/plugins/com.st.stm32cube.ide.mcu.externaltools.gnu-tools-for-stm32.13.3.rel1.win32_1.0.100.202509120712/tools/bin/../lib/gcc/arm-none-eabi/13.3.1/../../../../arm-none-eabi/lib/thumb/v7e-m+fp/hard\libc_nano.a(libc_a-signalr.o)
                0x0800564c                _kill_r
 .text._getpid_r
                0x08005670        0x4 C:/ST/STM32CubeIDE_2.0.0/STM32CubeIDE/plugins/com.st.stm32cube.ide.mcu.externaltools.gnu-tools-for-stm32.13.3.rel1.win32_1.0.100.202509120712/tools/bin/../lib/gcc/arm-none-eabi/13.3.1/../../../../arm-none-eabi/lib/thumb/v7e-m+fp/hard\libc_nano.a(libc_a-signalr.o)
                0x08005670                _getpid_r
 .text.__swhatbuf_r
                0x08005674       0x4c C:/ST/STM32CubeIDE_2.0.0/STM32CubeIDE/plugins/com.st.stm32cube.ide.mcu.externaltools.gnu-tools-for-stm32.13.3.rel1.win32_1.0.100.202509120712/tools/bin/../lib/gcc/arm-none-eabi/13.3.1/../../../../arm-none-eabi/lib/thumb/v7e-m+fp/hard\libc_nano.a(libc_a-makebuf.o)
                0x08005674                __swhatbuf_r
 .text.__smakebuf_r
                0x080056c0       0x78 C:/ST/STM32CubeIDE_2.0.0/STM32CubeIDE/plugins/com.st.stm32cube.ide.mcu.externaltools.gnu-tools-for-stm32.13.3.rel1.win32_1.0.100.202509120712/tools/bin/../lib/gcc/arm-none-eabi/13.3.1/../../../../arm-none-eabi/lib/thumb/v7e-m+fp/hard\libc_nano.a(libc_a-makebuf.o)
                0x080056c0                __smakebuf_r
 .text._fstat_r
                0x08005738       0x24 C:/ST/STM32CubeIDE_2.0.0/STM32CubeIDE/plugins/com.st.stm32cube.ide.mcu.externaltools.gnu-tools-for-stm32.13.3.rel1.win32_1.0.100.202509120712/tools/bin/../lib/gcc/arm-none-eabi/13.3.1/../../../../arm-none-eabi/lib/thumb/v7e-m+fp/hard\libc_nano.a(libc_a-fstatr.o)
                0x08005738                _fstat_r
 .text._isatty_r
                0x0800575c       0x20 C:/ST/STM32CubeIDE_2.0.0/STM32CubeIDE/plugins/com.st.stm32cube.ide.mcu.externaltools.gnu-tools-for-stm32.13.3.rel1.win32_1.0.100.202509120712/tools/bin/../lib/gcc/arm-none-eabi/13.3.1/../../../../arm-none-eabi/lib/thumb/v7e-m+fp/hard\libc_nano.a(libc_a-isattyr.o)
                0x0800575c                _isatty_r
 *(.glue_7)
 .glue_7        0x0800577c        0x0 linker stubs
 *(.glue_7t)
 .glue_7t       0x0800577c        0x0 linker stubs
 *(.eh_frame)
 .eh_frame      0x0800577c        0x0 C:/ST/STM32CubeIDE_2.0.0/STM32CubeIDE/plugins/com.st.stm32cube.ide.mcu.externaltools.gnu-tools-for-stm32.13.3.rel1.win32_1.0.100.202509120712/tools/bin/../lib/gcc/arm-none-eabi/13.3.1/thumb/v7e-m+fp/hard/crtbegin.o
 *(.init)
 .init          0x0800577c        0x4 C:/ST/STM32CubeIDE_2.0.0/STM32CubeIDE/plugins/com.st.stm32cube.ide.mcu.externaltools.gnu-tools-for-stm32.13.3.rel1.win32_1.0.100.202509120712/tools/bin/../lib/gcc/arm-none-eabi/13.3.1/thumb/v7e-m+fp/hard/crti.o
                0x0800577c                _init
 .init          0x08005780        0x8 C:/ST/STM32CubeIDE_2.0.0/STM32CubeIDE/plugins/com.st.stm32cube.ide.mcu.externaltools.gnu-tools-for-stm32.13.3.rel1.win32_1.0.100.202509120712/tools/bin/../lib/gcc/arm-none-eabi/13.3.1/thumb/v7e-m+fp/hard/crtn.o
 *(.fini)
 .fini          0x08005788        0x4 C:/ST/STM32CubeIDE_2.0.0/STM32CubeIDE/plugins/com.st.stm32cube.ide.mcu.externaltools.gnu-tools-for-stm32.13.3.rel1.win32_1.0.100.202509120712/tools/bin/../lib/gcc/arm-none-eabi/13.3.1/thumb/v7e-m+fp/hard/crti.o
                0x08005788                _fini
 .fini          0x0800578c        0x8 C:/ST/STM32CubeIDE_2.0.0/STM32CubeIDE/plugins/com.st.stm32cube.ide.mcu.externaltools.gnu-tools-for-stm32.13.3.rel1.win32_1.0.100.202509120712/tools/bin/../lib/gcc/arm-none-eabi/13.3.1/thumb/v7e-m+fp/hard/crtn.o
                0x08005794                        . = ALIGN (0x4)
                0x08005794                        _etext = .

.vfp11_veneer   0x08005794        0x0
 .vfp11_veneer  0x08005794        0x0 linker stubs

.v4_bx          0x08005794        0x0
 .v4_bx         0x08005794        0x0 linker stubs

.iplt           0x08005794        0x0
 .iplt          0x08005794        0x0 C:/ST/STM32CubeIDE_2.0.0/STM32CubeIDE/plugins/com.st.stm32cube.ide.mcu.externaltools.gnu-tools-for-stm32.13.3.rel1.win32_1.0.100.202509120712/tools/bin/../lib/gcc/arm-none-eabi/13.3.1/thumb/v7e-m+fp/hard/crtbegin.o

.rodata         0x08005794      0xbd8
                0x08005794                        . = ALIGN (0x4)
 *(.rodata)
 .rodata        0x08005794        0xf ./SDK_1.0.3_NUCLEO-F401RE/shared/Middle/ucglib/ucg_font.o
 *fill*         0x080057a3        0x1 
 .rodata        0x080057a4       0xba ./Src/main.o
 *(.rodata*)
 *fill*         0x0800585e        0x2 
 .rodata.AHBPrescTable
                0x08005860       0x10 ./SDK_1.0.3_NUCLEO-F401RE/shared/Drivers/CMSIS/Source/system_stm32f4xx.o
                0x08005860                AHBPrescTable
 .rodata.APBAHBPrescTable
                0x08005870       0x10 ./SDK_1.0.3_NUCLEO-F401RE/shared/Drivers/STM32F401RE_StdPeriph_Driver/src/stm32f401re_rcc.o
 .rodata.ucg_st7735_set_pos_seq
                0x08005880       0x1e ./SDK_1.0.3_NUCLEO-F401RE/shared/Middle/ucglib/ucg_dev_ic_st7735.o
                0x08005880                ucg_st7735_set_pos_seq
 *fill*         0x0800589e        0x2 
 .rodata.ucg_st7735_set_pos_dir0_seq
                0x080058a0       0x1e ./SDK_1.0.3_NUCLEO-F401RE/shared/Middle/ucglib/ucg_dev_ic_st7735.o
                0x080058a0                ucg_st7735_set_pos_dir0_seq
 *fill*         0x080058be        0x2 
 .rodata.ucg_st7735_set_pos_dir1_seq
                0x080058c0       0x21 ./SDK_1.0.3_NUCLEO-F401RE/shared/Middle/ucglib/ucg_dev_ic_st7735.o
                0x080058c0                ucg_st7735_set_pos_dir1_seq
 *fill*         0x080058e1        0x3 
 .rodata.ucg_st7735_set_pos_dir2_seq
                0x080058e4       0x21 ./SDK_1.0.3_NUCLEO-F401RE/shared/Middle/ucglib/ucg_dev_ic_st7735.o
                0x080058e4                ucg_st7735_set_pos_dir2_seq
 *fill*         0x08005905        0x3 
 .rodata.ucg_st7735_set_pos_dir3_seq
                0x08005908       0x24 ./SDK_1.0.3_NUCLEO-F401RE/shared/Middle/ucglib/ucg_dev_ic_st7735.o
                0x08005908                ucg_st7735_set_pos_dir3_seq
 .rodata.ucg_st7735_power_down_seq
                0x0800592c        0x7 ./SDK_1.0.3_NUCLEO-F401RE/shared/Middle/ucglib/ucg_dev_ic_st7735.o
 *fill*         0x08005933        0x1 
 .rodata.ucg_tft_128x160_st7735_init_seq
                0x08005934       0x2c ./SDK_1.0.3_NUCLEO-F401RE/shared/Middle/ucglib/ucg_dev_tft_128x128_st7735.o
 .rodata.ucg_font_helvR08_tf
                0x08005960      0x88b ./SDK_1.0.3_NUCLEO-F401RE/shared/Middle/ucglib/ucg_pixel_font_data.o
                0x08005960                ucg_font_helvR08_tf
 *fill*         0x080061eb        0x1 
 .rodata.dinoSprite
                0x080061ec       0x78 ./Src/main.o
 .rodata.cactusSprite
                0x08006264       0x28 ./Src/main.o
 .rodata.srand.str1.1
                0x0800628c       0xde C:/ST/STM32CubeIDE_2.0.0/STM32CubeIDE/plugins/com.st.stm32cube.ide.mcu.externaltools.gnu-tools-for-stm32.13.3.rel1.win32_1.0.100.202509120712/tools/bin/../lib/gcc/arm-none-eabi/13.3.1/../../../../arm-none-eabi/lib/thumb/v7e-m+fp/hard\libc_nano.a(libc_a-rand.o)
                                 0x6f (size before relaxing)
 .rodata.__assert_func.str1.1
                0x0800636a        0x0 C:/ST/STM32CubeIDE_2.0.0/STM32CubeIDE/plugins/com.st.stm32cube.ide.mcu.externaltools.gnu-tools-for-stm32.13.3.rel1.win32_1.0.100.202509120712/tools/bin/../lib/gcc/arm-none-eabi/13.3.1/../../../../arm-none-eabi/lib/thumb/v7e-m+fp/hard\libc_nano.a(libc_a-assert.o)
                                 0x3d (size before relaxing)
 .rodata._vfprintf_r.str1.1
                0x0800636a        0x0 C:/ST/STM32CubeIDE_2.0.0/STM32CubeIDE/plugins/com.st.stm32cube.ide.mcu.externaltools.gnu-tools-for-stm32.13.3.rel1.win32_1.0.100.202509120712/tools/bin/../lib/gcc/arm-none-eabi/13.3.1/../../../../arm-none-eabi/lib/thumb/v7e-m+fp/hard\libc_nano.a(libc_a-nano-vfprintf.o)
                                 0x11 (size before relaxing)
 .rodata._printf_i.str1.1
                0x0800636a        0x0 C:/ST/STM32CubeIDE_2.0.0/STM32CubeIDE/plugins/com.st.stm32cube.ide.mcu.externaltools.gnu-tools-for-stm32.13.3.rel1.win32_1.0.100.202509120712/tools/bin/../lib/gcc/arm-none-eabi/13.3.1/../../../../arm-none-eabi/lib/thumb/v7e-m+fp/hard\libc_nano.a(libc_a-nano-vfprintf_i.o)
                                 0x22 (size before relaxing)
                0x0800636c                        . = ALIGN (0x4)
 *fill*         0x0800636a        0x2 

.ARM.extab      0x0800636c        0x0
                0x0800636c                        . = ALIGN (0x4)
 *(.ARM.extab* .gnu.linkonce.armextab.*)
                0x0800636c                        . = ALIGN (0x4)

.ARM            0x0800636c        0x8
                0x0800636c                        . = ALIGN (0x4)
                0x0800636c                        __exidx_start = .
 *(.ARM.exidx*)
 .ARM.exidx     0x0800636c        0x8 C:/ST/STM32CubeIDE_2.0.0/STM32CubeIDE/plugins/com.st.stm32cube.ide.mcu.externaltools.gnu-tools-for-stm32.13.3.rel1.win32_1.0.100.202509120712/tools/bin/../lib/gcc/arm-none-eabi/13.3.1/../../../../arm-none-eabi/lib/thumb/v7e-m+fp/hard\libc_nano.a(libc_a-memchr.o)
                0x08006374                        __exidx_end = .
                0x08006374                        . = ALIGN (0x4)

.preinit_array  0x08006374        0x0
                0x08006374                        . = ALIGN (0x4)
                0x08006374                        PROVIDE (__preinit_array_start = .)
 *(.preinit_array*)
                0x08006374                        PROVIDE (__preinit_array_end = .)
                0x08006374                        . = ALIGN (0x4)

.init_array     0x08006374        0x4
                0x08006374                        . = ALIGN (0x4)
                0x08006374                        PROVIDE (__init_array_start = .)
 *(SORT_BY_NAME(.init_array.*))
 *(.init_array*)
 .init_array    0x08006374        0x4 C:/ST/STM32CubeIDE_2.0.0/STM32CubeIDE/plugins/com.st.stm32cube.ide.mcu.externaltools.gnu-tools-for-stm32.13.3.rel1.win32_1.0.100.202509120712/tools/bin/../lib/gcc/arm-none-eabi/13.3.1/thumb/v7e-m+fp/hard/crtbegin.o
                0x08006378                        PROVIDE (__init_array_end = .)
                0x08006378                        . = ALIGN (0x4)

.fini_array     0x08006378        0x4
                0x08006378                        . = ALIGN (0x4)
                [!provide]                        PROVIDE (__fini_array_start = .)
 *(SORT_BY_NAME(.fini_array.*))
 *(.fini_array*)
 .fini_array    0x08006378        0x4 C:/ST/STM32CubeIDE_2.0.0/STM32CubeIDE/plugins/com.st.stm32cube.ide.mcu.externaltools.gnu-tools-for-stm32.13.3.rel1.win32_1.0.100.202509120712/tools/bin/../lib/gcc/arm-none-eabi/13.3.1/thumb/v7e-m+fp/hard/crtbegin.o
                [!provide]                        PROVIDE (__fini_array_end = .)
                0x0800637c                        . = ALIGN (0x4)
                0x0800637c                        _sidata = LOADADDR (.data)

.rel.dyn        0x0800637c        0x0
 .rel.iplt      0x0800637c        0x0 C:/ST/STM32CubeIDE_2.0.0/STM32CubeIDE/plugins/com.st.stm32cube.ide.mcu.externaltools.gnu-tools-for-stm32.13.3.rel1.win32_1.0.100.202509120712/tools/bin/../lib/gcc/arm-none-eabi/13.3.1/thumb/v7e-m+fp/hard/crtbegin.o

.data           0x20000000       0x6c load address 0x0800637c
                0x20000000                        . = ALIGN (0x4)
                0x20000000                        _sdata = .
 *(.data)
 *(.data*)
 .data.SystemCoreClock
                0x20000000        0x4 ./SDK_1.0.3_NUCLEO-F401RE/shared/Drivers/CMSIS/Source/system_stm32f4xx.o
                0x20000000                SystemCoreClock
 .data.idTaskScanDecodeLen
                0x20000004        0x1 ./SDK_1.0.3_NUCLEO-F401RE/shared/Middle/ucglib/ucg_font.o
 .data.menuIndex
                0x20000005        0x1 ./Src/main.o
 .data.needRedraw
                0x20000006        0x1 ./Src/main.o
 .data.hsNeedRedraw
                0x20000007        0x1 ./Src/main.o
 .data.levelIndex
                0x20000008        0x1 ./Src/main.o
 .data.levelNeedRedraw
                0x20000009        0x1 ./Src/main.o
 .data.playingNeedClear
                0x2000000a        0x1 ./Src/main.o
 .data.firstFrame
                0x2000000b        0x1 ./Src/main.o
 .data.lastState
                0x2000000c        0x1 ./Src/main.o
 .data.firstScoreFrame
                0x2000000d        0x1 ./Src/main.o
 .data.gameOverNeedRedraw
                0x2000000e        0x1 ./Src/main.o
 *fill*         0x2000000f        0x1 
 .data.__sglue  0x20000010        0xc C:/ST/STM32CubeIDE_2.0.0/STM32CubeIDE/plugins/com.st.stm32cube.ide.mcu.externaltools.gnu-tools-for-stm32.13.3.rel1.win32_1.0.100.202509120712/tools/bin/../lib/gcc/arm-none-eabi/13.3.1/../../../../arm-none-eabi/lib/thumb/v7e-m+fp/hard\libc_nano.a(libc_a-findfp.o)
                0x20000010                __sglue
 .data._impure_ptr
                0x2000001c        0x4 C:/ST/STM32CubeIDE_2.0.0/STM32CubeIDE/plugins/com.st.stm32cube.ide.mcu.externaltools.gnu-tools-for-stm32.13.3.rel1.win32_1.0.100.202509120712/tools/bin/../lib/gcc/arm-none-eabi/13.3.1/../../../../arm-none-eabi/lib/thumb/v7e-m+fp/hard\libc_nano.a(libc_a-impure.o)
                0x2000001c                _impure_ptr
 .data._impure_data
                0x20000020       0x4c C:/ST/STM32CubeIDE_2.0.0/STM32CubeIDE/plugins/com.st.stm32cube.ide.mcu.externaltools.gnu-tools-for-stm32.13.3.rel1.win32_1.0.100.202509120712/tools/bin/../lib/gcc/arm-none-eabi/13.3.1/../../../../arm-none-eabi/lib/thumb/v7e-m+fp/hard\libc_nano.a(libc_a-impure.o)
                0x20000020                _impure_data
 *(.RamFunc)
 *(.RamFunc*)
                0x2000006c                        . = ALIGN (0x4)
                0x2000006c                        _edata = .

.igot.plt       0x2000006c        0x0 load address 0x080063e8
 .igot.plt      0x2000006c        0x0 C:/ST/STM32CubeIDE_2.0.0/STM32CubeIDE/plugins/com.st.stm32cube.ide.mcu.externaltools.gnu-tools-for-stm32.13.3.rel1.win32_1.0.100.202509120712/tools/bin/../lib/gcc/arm-none-eabi/13.3.1/thumb/v7e-m+fp/hard/crtbegin.o
                0x2000006c                        . = ALIGN (0x4)

.bss            0x2000006c     0x13f4 load address 0x080063e8
                0x2000006c                        _sbss = .
                0x2000006c                        __bss_start__ = _sbss
 *(.bss)
 .bss           0x2000006c       0x1c C:/ST/STM32CubeIDE_2.0.0/STM32CubeIDE/plugins/com.st.stm32cube.ide.mcu.externaltools.gnu-tools-for-stm32.13.3.rel1.win32_1.0.100.202509120712/tools/bin/../lib/gcc/arm-none-eabi/13.3.1/thumb/v7e-m+fp/hard/crtbegin.o
 *(.bss*)
 .bss.g_pTimerHandle
                0x20000088      0x180 ./SDK_1.0.3_NUCLEO-F401RE/shared/Middle/rtos/timer.o
 .bss.g_wMilSecTickTimer
                0x20000208        0x4 ./SDK_1.0.3_NUCLEO-F401RE/shared/Middle/rtos/timer.o
 .bss.g_pUartQueueRx
                0x2000020c        0x8 ./SDK_1.0.3_NUCLEO-F401RE/shared/Middle/serial/serial.o
 .bss.fontQueue
                0x20000214       0x10 ./SDK_1.0.3_NUCLEO-F401RE/shared/Middle/ucglib/ucg_font.o
 .bss.pQueueFont
                0x20000224     0x1000 ./SDK_1.0.3_NUCLEO-F401RE/shared/Middle/ucglib/ucg_font.o
 .bss.ucg_draw_str
                0x20001224        0xc ./SDK_1.0.3_NUCLEO-F401RE/shared/Middle/ucglib/ucg_font.o
                0x20001224                ucg_draw_str
 .bss.next.0    0x20001230        0x1 ./SDK_1.0.3_NUCLEO-F401RE/shared/Middle/ucglib/ucg_font.o
 *fill*         0x20001231        0x3 
 .bss.ucg       0x20001234       0xb4 ./Src/main.o
 .bss.prevDinoRect
                0x200012e8       0x10 ./Src/main.o
 .bss.prevScoreNumRect
                0x200012f8       0x10 ./Src/main.o
 .bss.prev.0    0x20001308        0x5 ./Src/main.o
 *fill*         0x2000130d        0x3 
 .bss.__sbrk_heap_end
                0x20001310        0x4 ./Src/sysmem.o
 .bss.__sf      0x20001314      0x138 C:/ST/STM32CubeIDE_2.0.0/STM32CubeIDE/plugins/com.st.stm32cube.ide.mcu.externaltools.gnu-tools-for-stm32.13.3.rel1.win32_1.0.100.202509120712/tools/bin/../lib/gcc/arm-none-eabi/13.3.1/../../../../arm-none-eabi/lib/thumb/v7e-m+fp/hard\libc_nano.a(libc_a-findfp.o)
                0x20001314                __sf
 .bss.__stdio_exit_handler
                0x2000144c        0x4 C:/ST/STM32CubeIDE_2.0.0/STM32CubeIDE/plugins/com.st.stm32cube.ide.mcu.externaltools.gnu-tools-for-stm32.13.3.rel1.win32_1.0.100.202509120712/tools/bin/../lib/gcc/arm-none-eabi/13.3.1/../../../../arm-none-eabi/lib/thumb/v7e-m+fp/hard\libc_nano.a(libc_a-findfp.o)
                0x2000144c                __stdio_exit_handler
 .bss.errno     0x20001450        0x4 C:/ST/STM32CubeIDE_2.0.0/STM32CubeIDE/plugins/com.st.stm32cube.ide.mcu.externaltools.gnu-tools-for-stm32.13.3.rel1.win32_1.0.100.202509120712/tools/bin/../lib/gcc/arm-none-eabi/13.3.1/../../../../arm-none-eabi/lib/thumb/v7e-m+fp/hard\libc_nano.a(libc_a-reent.o)
                0x20001450                errno
 .bss.__lock___malloc_recursive_mutex
                0x20001454        0x1 C:/ST/STM32CubeIDE_2.0.0/STM32CubeIDE/plugins/com.st.stm32cube.ide.mcu.externaltools.gnu-tools-for-stm32.13.3.rel1.win32_1.0.100.202509120712/tools/bin/../lib/gcc/arm-none-eabi/13.3.1/../../../../arm-none-eabi/lib/thumb/v7e-m+fp/hard\libc_nano.a(libc_a-lock.o)
                0x20001454                __lock___malloc_recursive_mutex
 .bss.__lock___sfp_recursive_mutex
                0x20001455        0x1 C:/ST/STM32CubeIDE_2.0.0/STM32CubeIDE/plugins/com.st.stm32cube.ide.mcu.externaltools.gnu-tools-for-stm32.13.3.rel1.win32_1.0.100.202509120712/tools/bin/../lib/gcc/arm-none-eabi/13.3.1/../../../../arm-none-eabi/lib/thumb/v7e-m+fp/hard\libc_nano.a(libc_a-lock.o)
                0x20001455                __lock___sfp_recursive_mutex
 *fill*         0x20001456        0x2 
 .bss.__malloc_sbrk_start
                0x20001458        0x4 C:/ST/STM32CubeIDE_2.0.0/STM32CubeIDE/plugins/com.st.stm32cube.ide.mcu.externaltools.gnu-tools-for-stm32.13.3.rel1.win32_1.0.100.202509120712/tools/bin/../lib/gcc/arm-none-eabi/13.3.1/../../../../arm-none-eabi/lib/thumb/v7e-m+fp/hard\libc_nano.a(libc_a-mallocr.o)
                0x20001458                __malloc_sbrk_start
 .bss.__malloc_free_list
                0x2000145c        0x4 C:/ST/STM32CubeIDE_2.0.0/STM32CubeIDE/plugins/com.st.stm32cube.ide.mcu.externaltools.gnu-tools-for-stm32.13.3.rel1.win32_1.0.100.202509120712/tools/bin/../lib/gcc/arm-none-eabi/13.3.1/../../../../arm-none-eabi/lib/thumb/v7e-m+fp/hard\libc_nano.a(libc_a-mallocr.o)
                0x2000145c                __malloc_free_list
 *(COMMON)
                0x20001460                        . = ALIGN (0x4)
                0x20001460                        _ebss = .
                0x20001460                        __bss_end__ = _ebss

._user_heap_stack
                0x20001460      0x600 load address 0x080063e8
                0x20001460                        . = ALIGN (0x8)
                [!provide]                        PROVIDE (end = .)
                0x20001460                        PROVIDE (_end = .)
                0x20001660                        . = (. + _Min_Heap_Size)
 *fill*         0x20001460      0x200 
                0x20001a60                        . = (. + _Min_Stack_Size)
 *fill*         0x20001660      0x400 
                0x20001a60                        . = ALIGN (0x8)

/DISCARD/
 libc.a(*)
 libm.a(*)
 libgcc.a(*)

.ARM.attributes
                0x00000000       0x30
 *(.ARM.attributes)
 .ARM.attributes
                0x00000000       0x22 C:/ST/STM32CubeIDE_2.0.0/STM32CubeIDE/plugins/com.st.stm32cube.ide.mcu.externaltools.gnu-tools-for-stm32.13.3.rel1.win32_1.0.100.202509120712/tools/bin/../lib/gcc/arm-none-eabi/13.3.1/thumb/v7e-m+fp/hard/crti.o
 .ARM.attributes
                0x00000022       0x34 C:/ST/STM32CubeIDE_2.0.0/STM32CubeIDE/plugins/com.st.stm32cube.ide.mcu.externaltools.gnu-tools-for-stm32.13.3.rel1.win32_1.0.100.202509120712/tools/bin/../lib/gcc/arm-none-eabi/13.3.1/thumb/v7e-m+fp/hard/crtbegin.o
 .ARM.attributes
                0x00000056       0x34 ./SDK_1.0.3_NUCLEO-F401RE/shared/Drivers/CMSIS/Source/system_stm32f4xx.o
 .ARM.attributes
                0x0000008a       0x34 ./SDK_1.0.3_NUCLEO-F401RE/shared/Drivers/STM32F401RE_StdPeriph_Driver/src/stm32f401re_gpio.o
 .ARM.attributes
                0x000000be       0x34 ./SDK_1.0.3_NUCLEO-F401RE/shared/Drivers/STM32F401RE_StdPeriph_Driver/src/stm32f401re_rcc.o
 .ARM.attributes
                0x000000f2       0x34 ./SDK_1.0.3_NUCLEO-F401RE/shared/Drivers/STM32F401RE_StdPeriph_Driver/src/stm32f401re_usart.o
 .ARM.attributes
                0x00000126       0x34 ./SDK_1.0.3_NUCLEO-F401RE/shared/Middle/Dino/Dino.o
 .ARM.attributes
                0x0000015a       0x34 ./SDK_1.0.3_NUCLEO-F401RE/shared/Middle/Game/Game.o
 .ARM.attributes
                0x0000018e       0x34 ./SDK_1.0.3_NUCLEO-F401RE/shared/Middle/Obstracle/Obstacle.o
 .ARM.attributes
                0x000001c2       0x34 ./SDK_1.0.3_NUCLEO-F401RE/shared/Middle/rtos/timer.o
 .ARM.attributes
                0x000001f6       0x34 ./SDK_1.0.3_NUCLEO-F401RE/shared/Middle/serial/serial.o
 .ARM.attributes
                0x0000022a       0x34 ./SDK_1.0.3_NUCLEO-F401RE/shared/Middle/ucglib/Ucglib.o
 .ARM.attributes
                0x0000025e       0x34 ./SDK_1.0.3_NUCLEO-F401RE/shared/Middle/ucglib/ucg_box.o
 .ARM.attributes
                0x00000292       0x34 ./SDK_1.0.3_NUCLEO-F401RE/shared/Middle/ucglib/ucg_ccs.o
 .ARM.attributes
                0x000002c6       0x34 ./SDK_1.0.3_NUCLEO-F401RE/shared/Middle/ucglib/ucg_clip.o
 .ARM.attributes
                0x000002fa       0x34 ./SDK_1.0.3_NUCLEO-F401RE/shared/Middle/ucglib/ucg_com_msg_api.o
 .ARM.attributes
                0x0000032e       0x34 ./SDK_1.0.3_NUCLEO-F401RE/shared/Middle/ucglib/ucg_dev_default_cb.o
 .ARM.attributes
                0x00000362       0x34 ./SDK_1.0.3_NUCLEO-F401RE/shared/Middle/ucglib/ucg_dev_ic_st7735.o
 .ARM.attributes
                0x00000396       0x34 ./SDK_1.0.3_NUCLEO-F401RE/shared/Middle/ucglib/ucg_dev_msg_api.o
 .ARM.attributes
                0x000003ca       0x34 ./SDK_1.0.3_NUCLEO-F401RE/shared/Middle/ucglib/ucg_dev_tft_128x128_st7735.o
 .ARM.attributes
                0x000003fe       0x34 ./SDK_1.0.3_NUCLEO-F401RE/shared/Middle/ucglib/ucg_font.o
 .ARM.attributes
                0x00000432       0x34 ./SDK_1.0.3_NUCLEO-F401RE/shared/Middle/ucglib/ucg_init.o
 .ARM.attributes
                0x00000466       0x34 ./SDK_1.0.3_NUCLEO-F401RE/shared/Middle/ucglib/ucg_line.o
 .ARM.attributes
                0x0000049a       0x34 ./SDK_1.0.3_NUCLEO-F401RE/shared/Middle/ucglib/ucg_pixel.o
 .ARM.attributes
                0x000004ce       0x34 ./SDK_1.0.3_NUCLEO-F401RE/shared/Middle/ucglib/ucg_pixel_font_data.o
 .ARM.attributes
                0x00000502       0x34 ./SDK_1.0.3_NUCLEO-F401RE/shared/Middle/ucglib/ucg_rotate.o
 .ARM.attributes
                0x00000536       0x34 ./SDK_1.0.3_NUCLEO-F401RE/shared/Utilities/buff.o
 .ARM.attributes
                0x0000056a       0x34 ./SDK_1.0.3_NUCLEO-F401RE/shared/Utilities/utilities.o
 .ARM.attributes
                0x0000059e       0x34 ./Src/main.o
 .ARM.attributes
                0x000005d2       0x34 ./Src/syscalls.o
 .ARM.attributes
                0x00000606       0x34 ./Src/sysmem.o
 .ARM.attributes
                0x0000063a       0x21 ./Startup/startup_stm32f401retx.o
 .ARM.attributes
                0x0000065b       0x34 C:/ST/STM32CubeIDE_2.0.0/STM32CubeIDE/plugins/com.st.stm32cube.ide.mcu.externaltools.gnu-tools-for-stm32.13.3.rel1.win32_1.0.100.202509120712/tools/bin/../lib/gcc/arm-none-eabi/13.3.1/../../../../arm-none-eabi/lib/thumb/v7e-m+fp/hard\libc_nano.a(libc_a-rand.o)
 .ARM.attributes
                0x0000068f       0x34 C:/ST/STM32CubeIDE_2.0.0/STM32CubeIDE/plugins/com.st.stm32cube.ide.mcu.externaltools.gnu-tools-for-stm32.13.3.rel1.win32_1.0.100.202509120712/tools/bin/../lib/gcc/arm-none-eabi/13.3.1/../../../../arm-none-eabi/lib/thumb/v7e-m+fp/hard\libc_nano.a(libc_a-findfp.o)
 .ARM.attributes
                0x000006c3       0x34 C:/ST/STM32CubeIDE_2.0.0/STM32CubeIDE/plugins/com.st.stm32cube.ide.mcu.externaltools.gnu-tools-for-stm32.13.3.rel1.win32_1.0.100.202509120712/tools/bin/../lib/gcc/arm-none-eabi/13.3.1/../../../../arm-none-eabi/lib/thumb/v7e-m+fp/hard\libc_nano.a(libc_a-fwalk.o)
 .ARM.attributes
                0x000006f7       0x34 C:/ST/STM32CubeIDE_2.0.0/STM32CubeIDE/plugins/com.st.stm32cube.ide.mcu.externaltools.gnu-tools-for-stm32.13.3.rel1.win32_1.0.100.202509120712/tools/bin/../lib/gcc/arm-none-eabi/13.3.1/../../../../arm-none-eabi/lib/thumb/v7e-m+fp/hard\libc_nano.a(libc_a-stdio.o)
 .ARM.attributes
                0x0000072b       0x34 C:/ST/STM32CubeIDE_2.0.0/STM32CubeIDE/plugins/com.st.stm32cube.ide.mcu.externaltools.gnu-tools-for-stm32.13.3.rel1.win32_1.0.100.202509120712/tools/bin/../lib/gcc/arm-none-eabi/13.3.1/../../../../arm-none-eabi/lib/thumb/v7e-m+fp/hard\libc_nano.a(libc_a-memset.o)
 .ARM.attributes
                0x0000075f       0x34 C:/ST/STM32CubeIDE_2.0.0/STM32CubeIDE/plugins/com.st.stm32cube.ide.mcu.externaltools.gnu-tools-for-stm32.13.3.rel1.win32_1.0.100.202509120712/tools/bin/../lib/gcc/arm-none-eabi/13.3.1/../../../../arm-none-eabi/lib/thumb/v7e-m+fp/hard\libc_nano.a(libc_a-closer.o)
 .ARM.attributes
                0x00000793       0x34 C:/ST/STM32CubeIDE_2.0.0/STM32CubeIDE/plugins/com.st.stm32cube.ide.mcu.externaltools.gnu-tools-for-stm32.13.3.rel1.win32_1.0.100.202509120712/tools/bin/../lib/gcc/arm-none-eabi/13.3.1/../../../../arm-none-eabi/lib/thumb/v7e-m+fp/hard\libc_nano.a(libc_a-reent.o)
 .ARM.attributes
                0x000007c7       0x34 C:/ST/STM32CubeIDE_2.0.0/STM32CubeIDE/plugins/com.st.stm32cube.ide.mcu.externaltools.gnu-tools-for-stm32.13.3.rel1.win32_1.0.100.202509120712/tools/bin/../lib/gcc/arm-none-eabi/13.3.1/../../../../arm-none-eabi/lib/thumb/v7e-m+fp/hard\libc_nano.a(libc_a-impure.o)
 .ARM.attributes
                0x000007fb       0x34 C:/ST/STM32CubeIDE_2.0.0/STM32CubeIDE/plugins/com.st.stm32cube.ide.mcu.externaltools.gnu-tools-for-stm32.13.3.rel1.win32_1.0.100.202509120712/tools/bin/../lib/gcc/arm-none-eabi/13.3.1/../../../../arm-none-eabi/lib/thumb/v7e-m+fp/hard\libc_nano.a(libc_a-lseekr.o)
 .ARM.attributes
                0x0000082f       0x34 C:/ST/STM32CubeIDE_2.0.0/STM32CubeIDE/plugins/com.st.stm32cube.ide.mcu.externaltools.gnu-tools-for-stm32.13.3.rel1.win32_1.0.100.202509120712/tools/bin/../lib/gcc/arm-none-eabi/13.3.1/../../../../arm-none-eabi/lib/thumb/v7e-m+fp/hard\libc_nano.a(libc_a-readr.o)
 .ARM.attributes
                0x00000863       0x34 C:/ST/STM32CubeIDE_2.0.0/STM32CubeIDE/plugins/com.st.stm32cube.ide.mcu.externaltools.gnu-tools-for-stm32.13.3.rel1.win32_1.0.100.202509120712/tools/bin/../lib/gcc/arm-none-eabi/13.3.1/../../../../arm-none-eabi/lib/thumb/v7e-m+fp/hard\libc_nano.a(libc_a-writer.o)
 .ARM.attributes
                0x00000897       0x34 C:/ST/STM32CubeIDE_2.0.0/STM32CubeIDE/plugins/com.st.stm32cube.ide.mcu.externaltools.gnu-tools-for-stm32.13.3.rel1.win32_1.0.100.202509120712/tools/bin/../lib/gcc/arm-none-eabi/13.3.1/../../../../arm-none-eabi/lib/thumb/v7e-m+fp/hard\libc_nano.a(libc_a-errno.o)
 .ARM.attributes
                0x000008cb       0x34 C:/ST/STM32CubeIDE_2.0.0/STM32CubeIDE/plugins/com.st.stm32cube.ide.mcu.externaltools.gnu-tools-for-stm32.13.3.rel1.win32_1.0.100.202509120712/tools/bin/../lib/gcc/arm-none-eabi/13.3.1/../../../../arm-none-eabi/lib/thumb/v7e-m+fp/hard\libc_nano.a(libc_a-init.o)
 .ARM.attributes
                0x000008ff       0x34 C:/ST/STM32CubeIDE_2.0.0/STM32CubeIDE/plugins/com.st.stm32cube.ide.mcu.externaltools.gnu-tools-for-stm32.13.3.rel1.win32_1.0.100.202509120712/tools/bin/../lib/gcc/arm-none-eabi/13.3.1/../../../../arm-none-eabi/lib/thumb/v7e-m+fp/hard\libc_nano.a(libc_a-lock.o)
 .ARM.attributes
                0x00000933       0x34 C:/ST/STM32CubeIDE_2.0.0/STM32CubeIDE/plugins/com.st.stm32cube.ide.mcu.externaltools.gnu-tools-for-stm32.13.3.rel1.win32_1.0.100.202509120712/tools/bin/../lib/gcc/arm-none-eabi/13.3.1/../../../../arm-none-eabi/lib/thumb/v7e-m+fp/hard\libc_nano.a(libc_a-assert.o)
 .ARM.attributes
                0x00000967       0x34 C:/ST/STM32CubeIDE_2.0.0/STM32CubeIDE/plugins/com.st.stm32cube.ide.mcu.externaltools.gnu-tools-for-stm32.13.3.rel1.win32_1.0.100.202509120712/tools/bin/../lib/gcc/arm-none-eabi/13.3.1/../../../../arm-none-eabi/lib/thumb/v7e-m+fp/hard\libc_nano.a(libc_a-freer.o)
 .ARM.attributes
                0x0000099b       0x34 C:/ST/STM32CubeIDE_2.0.0/STM32CubeIDE/plugins/com.st.stm32cube.ide.mcu.externaltools.gnu-tools-for-stm32.13.3.rel1.win32_1.0.100.202509120712/tools/bin/../lib/gcc/arm-none-eabi/13.3.1/../../../../arm-none-eabi/lib/thumb/v7e-m+fp/hard\libc_nano.a(libc_a-malloc.o)
 .ARM.attributes
                0x000009cf       0x34 C:/ST/STM32CubeIDE_2.0.0/STM32CubeIDE/plugins/com.st.stm32cube.ide.mcu.externaltools.gnu-tools-for-stm32.13.3.rel1.win32_1.0.100.202509120712/tools/bin/../lib/gcc/arm-none-eabi/13.3.1/../../../../arm-none-eabi/lib/thumb/v7e-m+fp/hard\libc_nano.a(libc_a-mallocr.o)
 .ARM.attributes
                0x00000a03       0x34 C:/ST/STM32CubeIDE_2.0.0/STM32CubeIDE/plugins/com.st.stm32cube.ide.mcu.externaltools.gnu-tools-for-stm32.13.3.rel1.win32_1.0.100.202509120712/tools/bin/../lib/gcc/arm-none-eabi/13.3.1/../../../../arm-none-eabi/lib/thumb/v7e-m+fp/hard\libc_nano.a(libc_a-mlock.o)
 .ARM.attributes
                0x00000a37       0x34 C:/ST/STM32CubeIDE_2.0.0/STM32CubeIDE/plugins/com.st.stm32cube.ide.mcu.externaltools.gnu-tools-for-stm32.13.3.rel1.win32_1.0.100.202509120712/tools/bin/../lib/gcc/arm-none-eabi/13.3.1/../../../../arm-none-eabi/lib/thumb/v7e-m+fp/hard\libc_nano.a(libc_a-fflush.o)
 .ARM.attributes
                0x00000a6b       0x34 C:/ST/STM32CubeIDE_2.0.0/STM32CubeIDE/plugins/com.st.stm32cube.ide.mcu.externaltools.gnu-tools-for-stm32.13.3.rel1.win32_1.0.100.202509120712/tools/bin/../lib/gcc/arm-none-eabi/13.3.1/../../../../arm-none-eabi/lib/thumb/v7e-m+fp/hard\libc_nano.a(libc_a-fprintf.o)
 .ARM.attributes
                0x00000a9f       0x34 C:/ST/STM32CubeIDE_2.0.0/STM32CubeIDE/plugins/com.st.stm32cube.ide.mcu.externaltools.gnu-tools-for-stm32.13.3.rel1.win32_1.0.100.202509120712/tools/bin/../lib/gcc/arm-none-eabi/13.3.1/../../../../arm-none-eabi/lib/thumb/v7e-m+fp/hard\libc_nano.a(libc_a-sbrkr.o)
 .ARM.attributes
                0x00000ad3       0x34 C:/ST/STM32CubeIDE_2.0.0/STM32CubeIDE/plugins/com.st.stm32cube.ide.mcu.externaltools.gnu-tools-for-stm32.13.3.rel1.win32_1.0.100.202509120712/tools/bin/../lib/gcc/arm-none-eabi/13.3.1/../../../../arm-none-eabi/lib/thumb/v7e-m+fp/hard\libc_nano.a(libc_a-abort.o)
 .ARM.attributes
                0x00000b07       0x34 C:/ST/STM32CubeIDE_2.0.0/STM32CubeIDE/plugins/com.st.stm32cube.ide.mcu.externaltools.gnu-tools-for-stm32.13.3.rel1.win32_1.0.100.202509120712/tools/bin/../lib/gcc/arm-none-eabi/13.3.1/../../../../arm-none-eabi/lib/thumb/v7e-m+fp/hard\libc_nano.a(libc_a-nano-vfprintf.o)
 .ARM.attributes
                0x00000b3b       0x34 C:/ST/STM32CubeIDE_2.0.0/STM32CubeIDE/plugins/com.st.stm32cube.ide.mcu.externaltools.gnu-tools-for-stm32.13.3.rel1.win32_1.0.100.202509120712/tools/bin/../lib/gcc/arm-none-eabi/13.3.1/../../../../arm-none-eabi/lib/thumb/v7e-m+fp/hard\libc_nano.a(libc_a-nano-vfprintf_i.o)
 .ARM.attributes
                0x00000b6f       0x34 C:/ST/STM32CubeIDE_2.0.0/STM32CubeIDE/plugins/com.st.stm32cube.ide.mcu.externaltools.gnu-tools-for-stm32.13.3.rel1.win32_1.0.100.202509120712/tools/bin/../lib/gcc/arm-none-eabi/13.3.1/../../../../arm-none-eabi/lib/thumb/v7e-m+fp/hard\libc_nano.a(libc_a-wbuf.o)
 .ARM.attributes
                0x00000ba3       0x34 C:/ST/STM32CubeIDE_2.0.0/STM32CubeIDE/plugins/com.st.stm32cube.ide.mcu.externaltools.gnu-tools-for-stm32.13.3.rel1.win32_1.0.100.202509120712/tools/bin/../lib/gcc/arm-none-eabi/13.3.1/../../../../arm-none-eabi/lib/thumb/v7e-m+fp/hard\libc_nano.a(libc_a-wsetup.o)
 .ARM.attributes
                0x00000bd7       0x34 C:/ST/STM32CubeIDE_2.0.0/STM32CubeIDE/plugins/com.st.stm32cube.ide.mcu.externaltools.gnu-tools-for-stm32.13.3.rel1.win32_1.0.100.202509120712/tools/bin/../lib/gcc/arm-none-eabi/13.3.1/../../../../arm-none-eabi/lib/thumb/v7e-m+fp/hard\libc_nano.a(libc_a-signal.o)
 .ARM.attributes
                0x00000c0b       0x34 C:/ST/STM32CubeIDE_2.0.0/STM32CubeIDE/plugins/com.st.stm32cube.ide.mcu.externaltools.gnu-tools-for-stm32.13.3.rel1.win32_1.0.100.202509120712/tools/bin/../lib/gcc/arm-none-eabi/13.3.1/../../../../arm-none-eabi/lib/thumb/v7e-m+fp/hard\libc_nano.a(libc_a-signalr.o)
 .ARM.attributes
                0x00000c3f       0x1c C:/ST/STM32CubeIDE_2.0.0/STM32CubeIDE/plugins/com.st.stm32cube.ide.mcu.externaltools.gnu-tools-for-stm32.13.3.rel1.win32_1.0.100.202509120712/tools/bin/../lib/gcc/arm-none-eabi/13.3.1/../../../../arm-none-eabi/lib/thumb/v7e-m+fp/hard\libc_nano.a(libc_a-memchr.o)
 .ARM.attributes
                0x00000c5b       0x34 C:/ST/STM32CubeIDE_2.0.0/STM32CubeIDE/plugins/com.st.stm32cube.ide.mcu.externaltools.gnu-tools-for-stm32.13.3.rel1.win32_1.0.100.202509120712/tools/bin/../lib/gcc/arm-none-eabi/13.3.1/../../../../arm-none-eabi/lib/thumb/v7e-m+fp/hard\libc_nano.a(libc_a-makebuf.o)
 .ARM.attributes
                0x00000c8f       0x34 C:/ST/STM32CubeIDE_2.0.0/STM32CubeIDE/plugins/com.st.stm32cube.ide.mcu.externaltools.gnu-tools-for-stm32.13.3.rel1.win32_1.0.100.202509120712/tools/bin/../lib/gcc/arm-none-eabi/13.3.1/../../../../arm-none-eabi/lib/thumb/v7e-m+fp/hard\libc_nano.a(libc_a-fstatr.o)
 .ARM.attributes
                0x00000cc3       0x34 C:/ST/STM32CubeIDE_2.0.0/STM32CubeIDE/plugins/com.st.stm32cube.ide.mcu.externaltools.gnu-tools-for-stm32.13.3.rel1.win32_1.0.100.202509120712/tools/bin/../lib/gcc/arm-none-eabi/13.3.1/../../../../arm-none-eabi/lib/thumb/v7e-m+fp/hard\libc_nano.a(libc_a-isattyr.o)
 .ARM.attributes
                0x00000cf7       0x22 C:/ST/STM32CubeIDE_2.0.0/STM32CubeIDE/plugins/com.st.stm32cube.ide.mcu.externaltools.gnu-tools-for-stm32.13.3.rel1.win32_1.0.100.202509120712/tools/bin/../lib/gcc/arm-none-eabi/13.3.1/thumb/v7e-m+fp/hard/crtn.o
OUTPUT(Dino_final_final.elf elf32-littlearm)
LOAD linker stubs
LOAD C:/ST/STM32CubeIDE_2.0.0/STM32CubeIDE/plugins/com.st.stm32cube.ide.mcu.externaltools.gnu-tools-for-stm32.13.3.rel1.win32_1.0.100.202509120712/tools/bin/../lib/gcc/arm-none-eabi/13.3.1/../../../../arm-none-eabi/lib/thumb/v7e-m+fp/hard\libc.a
LOAD C:/ST/STM32CubeIDE_2.0.0/STM32CubeIDE/plugins/com.st.stm32cube.ide.mcu.externaltools.gnu-tools-for-stm32.13.3.rel1.win32_1.0.100.202509120712/tools/bin/../lib/gcc/arm-none-eabi/13.3.1/../../../../arm-none-eabi/lib/thumb/v7e-m+fp/hard\libm.a
LOAD C:/ST/STM32CubeIDE_2.0.0/STM32CubeIDE/plugins/com.st.stm32cube.ide.mcu.externaltools.gnu-tools-for-stm32.13.3.rel1.win32_1.0.100.202509120712/tools/bin/../lib/gcc/arm-none-eabi/13.3.1/thumb/v7e-m+fp/hard\libgcc.a

.debug_info     0x00000000    0x14458
 .debug_info    0x00000000      0x593 ./SDK_1.0.3_NUCLEO-F401RE/shared/Drivers/CMSIS/Source/system_stm32f4xx.o
 .debug_info    0x00000593      0x60c ./SDK_1.0.3_NUCLEO-F401RE/shared/Drivers/STM32F401RE_StdPeriph_Driver/src/stm32f401re_gpio.o
 .debug_info    0x00000b9f      0xce0 ./SDK_1.0.3_NUCLEO-F401RE/shared/Drivers/STM32F401RE_StdPeriph_Driver/src/stm32f401re_rcc.o
 .debug_info    0x0000187f      0x9c2 ./SDK_1.0.3_NUCLEO-F401RE/shared/Drivers/STM32F401RE_StdPeriph_Driver/src/stm32f401re_usart.o
 .debug_info    0x00002241      0x241 ./SDK_1.0.3_NUCLEO-F401RE/shared/Middle/Dino/Dino.o
 .debug_info    0x00002482      0x51d ./SDK_1.0.3_NUCLEO-F401RE/shared/Middle/Game/Game.o
 .debug_info    0x0000299f      0x39d ./SDK_1.0.3_NUCLEO-F401RE/shared/Middle/Obstracle/Obstacle.o
 .debug_info    0x00002d3c      0x949 ./SDK_1.0.3_NUCLEO-F401RE/shared/Middle/rtos/timer.o
 .debug_info    0x00003685      0xccf ./SDK_1.0.3_NUCLEO-F401RE/shared/Middle/serial/serial.o
 .debug_info    0x00004354      0xb6d ./SDK_1.0.3_NUCLEO-F401RE/shared/Middle/ucglib/Ucglib.o
 .debug_info    0x00004ec1      0xa75 ./SDK_1.0.3_NUCLEO-F401RE/shared/Middle/ucglib/ucg_box.o
 .debug_info    0x00005936      0x1da ./SDK_1.0.3_NUCLEO-F401RE/shared/Middle/ucglib/ucg_ccs.o
 .debug_info    0x00005b10      0x844 ./SDK_1.0.3_NUCLEO-F401RE/shared/Middle/ucglib/ucg_clip.o
 .debug_info    0x00006354      0xb51 ./SDK_1.0.3_NUCLEO-F401RE/shared/Middle/ucglib/ucg_com_msg_api.o
 .debug_info    0x00006ea5      0x992 ./SDK_1.0.3_NUCLEO-F401RE/shared/Middle/ucglib/ucg_dev_default_cb.o
 .debug_info    0x00007837      0xa5b ./SDK_1.0.3_NUCLEO-F401RE/shared/Middle/ucglib/ucg_dev_ic_st7735.o
 .debug_info    0x00008292      0x845 ./SDK_1.0.3_NUCLEO-F401RE/shared/Middle/ucglib/ucg_dev_msg_api.o
 .debug_info    0x00008ad7      0x752 ./SDK_1.0.3_NUCLEO-F401RE/shared/Middle/ucglib/ucg_dev_tft_128x128_st7735.o
 .debug_info    0x00009229     0x13cc ./SDK_1.0.3_NUCLEO-F401RE/shared/Middle/ucglib/ucg_font.o
 .debug_info    0x0000a5f5      0x779 ./SDK_1.0.3_NUCLEO-F401RE/shared/Middle/ucglib/ucg_init.o
 .debug_info    0x0000ad6e      0x925 ./SDK_1.0.3_NUCLEO-F401RE/shared/Middle/ucglib/ucg_line.o
 .debug_info    0x0000b693      0x73e ./SDK_1.0.3_NUCLEO-F401RE/shared/Middle/ucglib/ucg_pixel.o
 .debug_info    0x0000bdd1     0x5a58 ./SDK_1.0.3_NUCLEO-F401RE/shared/Middle/ucglib/ucg_pixel_font_data.o
 .debug_info    0x00011829      0x91d ./SDK_1.0.3_NUCLEO-F401RE/shared/Middle/ucglib/ucg_rotate.o
 .debug_info    0x00012146      0x305 ./SDK_1.0.3_NUCLEO-F401RE/shared/Utilities/buff.o
 .debug_info    0x0001244b      0x2b8 ./SDK_1.0.3_NUCLEO-F401RE/shared/Utilities/utilities.o
 .debug_info    0x00012703     0x151a ./Src/main.o
 .debug_info    0x00013c1d      0x6a3 ./Src/syscalls.o
 .debug_info    0x000142c0      0x168 ./Src/sysmem.o
 .debug_info    0x00014428       0x30 ./Startup/startup_stm32f401retx.o

.debug_abbrev   0x00000000     0x3327
 .debug_abbrev  0x00000000      0x144 ./SDK_1.0.3_NUCLEO-F401RE/shared/Drivers/CMSIS/Source/system_stm32f4xx.o
 .debug_abbrev  0x00000144      0x1ee ./SDK_1.0.3_NUCLEO-F401RE/shared/Drivers/STM32F401RE_StdPeriph_Driver/src/stm32f401re_gpio.o
 .debug_abbrev  0x00000332      0x1e1 ./SDK_1.0.3_NUCLEO-F401RE/shared/Drivers/STM32F401RE_StdPeriph_Driver/src/stm32f401re_rcc.o
 .debug_abbrev  0x00000513      0x1b1 ./SDK_1.0.3_NUCLEO-F401RE/shared/Drivers/STM32F401RE_StdPeriph_Driver/src/stm32f401re_usart.o
 .debug_abbrev  0x000006c4      0x10a ./SDK_1.0.3_NUCLEO-F401RE/shared/Middle/Dino/Dino.o
 .debug_abbrev  0x000007ce      0x18f ./SDK_1.0.3_NUCLEO-F401RE/shared/Middle/Game/Game.o
 .debug_abbrev  0x0000095d      0x18c ./SDK_1.0.3_NUCLEO-F401RE/shared/Middle/Obstracle/Obstacle.o
 .debug_abbrev  0x00000ae9      0x2e6 ./SDK_1.0.3_NUCLEO-F401RE/shared/Middle/rtos/timer.o
 .debug_abbrev  0x00000dcf      0x354 ./SDK_1.0.3_NUCLEO-F401RE/shared/Middle/serial/serial.o
 .debug_abbrev  0x00001123      0x255 ./SDK_1.0.3_NUCLEO-F401RE/shared/Middle/ucglib/Ucglib.o
 .debug_abbrev  0x00001378      0x1b1 ./SDK_1.0.3_NUCLEO-F401RE/shared/Middle/ucglib/ucg_box.o
 .debug_abbrev  0x00001529       0xe6 ./SDK_1.0.3_NUCLEO-F401RE/shared/Middle/ucglib/ucg_ccs.o
 .debug_abbrev  0x0000160f      0x196 ./SDK_1.0.3_NUCLEO-F401RE/shared/Middle/ucglib/ucg_clip.o
 .debug_abbrev  0x000017a5      0x210 ./SDK_1.0.3_NUCLEO-F401RE/shared/Middle/ucglib/ucg_com_msg_api.o
 .debug_abbrev  0x000019b5      0x1e0 ./SDK_1.0.3_NUCLEO-F401RE/shared/Middle/ucglib/ucg_dev_default_cb.o
 .debug_abbrev  0x00001b95      0x22c ./SDK_1.0.3_NUCLEO-F401RE/shared/Middle/ucglib/ucg_dev_ic_st7735.o
 .debug_abbrev  0x00001dc1      0x1a2 ./SDK_1.0.3_NUCLEO-F401RE/shared/Middle/ucglib/ucg_dev_msg_api.o
 .debug_abbrev  0x00001f63      0x183 ./SDK_1.0.3_NUCLEO-F401RE/shared/Middle/ucglib/ucg_dev_tft_128x128_st7735.o
 .debug_abbrev  0x000020e6      0x30e ./SDK_1.0.3_NUCLEO-F401RE/shared/Middle/ucglib/ucg_font.o
 .debug_abbrev  0x000023f4      0x1b9 ./SDK_1.0.3_NUCLEO-F401RE/shared/Middle/ucglib/ucg_init.o
 .debug_abbrev  0x000025ad      0x19c ./SDK_1.0.3_NUCLEO-F401RE/shared/Middle/ucglib/ucg_line.o
 .debug_abbrev  0x00002749      0x163 ./SDK_1.0.3_NUCLEO-F401RE/shared/Middle/ucglib/ucg_pixel.o
 .debug_abbrev  0x000028ac       0xac ./SDK_1.0.3_NUCLEO-F401RE/shared/Middle/ucglib/ucg_pixel_font_data.o
 .debug_abbrev  0x00002958      0x1ce ./SDK_1.0.3_NUCLEO-F401RE/shared/Middle/ucglib/ucg_rotate.o
 .debug_abbrev  0x00002b26      0x13c ./SDK_1.0.3_NUCLEO-F401RE/shared/Utilities/buff.o
 .debug_abbrev  0x00002c62       0xe3 ./SDK_1.0.3_NUCLEO-F401RE/shared/Utilities/utilities.o
 .debug_abbrev  0x00002d45      0x34c ./Src/main.o
 .debug_abbrev  0x00003091      0x1b6 ./Src/syscalls.o
 .debug_abbrev  0x00003247       0xbc ./Src/sysmem.o
 .debug_abbrev  0x00003303       0x24 ./Startup/startup_stm32f401retx.o

.debug_aranges  0x00000000      0xcb8
 .debug_aranges
                0x00000000       0x30 ./SDK_1.0.3_NUCLEO-F401RE/shared/Drivers/CMSIS/Source/system_stm32f4xx.o
 .debug_aranges
                0x00000030       0x88 ./SDK_1.0.3_NUCLEO-F401RE/shared/Drivers/STM32F401RE_StdPeriph_Driver/src/stm32f401re_gpio.o
 .debug_aranges
                0x000000b8      0x198 ./SDK_1.0.3_NUCLEO-F401RE/shared/Drivers/STM32F401RE_StdPeriph_Driver/src/stm32f401re_rcc.o
 .debug_aranges
                0x00000250      0x100 ./SDK_1.0.3_NUCLEO-F401RE/shared/Drivers/STM32F401RE_StdPeriph_Driver/src/stm32f401re_usart.o
 .debug_aranges
                0x00000350       0x48 ./SDK_1.0.3_NUCLEO-F401RE/shared/Middle/Dino/Dino.o
 .debug_aranges
                0x00000398       0x68 ./SDK_1.0.3_NUCLEO-F401RE/shared/Middle/Game/Game.o
 .debug_aranges
                0x00000400       0x38 ./SDK_1.0.3_NUCLEO-F401RE/shared/Middle/Obstracle/Obstacle.o
 .debug_aranges
                0x00000438       0x70 ./SDK_1.0.3_NUCLEO-F401RE/shared/Middle/rtos/timer.o
 .debug_aranges
                0x000004a8       0x80 ./SDK_1.0.3_NUCLEO-F401RE/shared/Middle/serial/serial.o
 .debug_aranges
                0x00000528       0x48 ./SDK_1.0.3_NUCLEO-F401RE/shared/Middle/ucglib/Ucglib.o
 .debug_aranges
                0x00000570       0x48 ./SDK_1.0.3_NUCLEO-F401RE/shared/Middle/ucglib/ucg_box.o
 .debug_aranges
                0x000005b8       0x30 ./SDK_1.0.3_NUCLEO-F401RE/shared/Middle/ucglib/ucg_ccs.o
 .debug_aranges
                0x000005e8       0x50 ./SDK_1.0.3_NUCLEO-F401RE/shared/Middle/ucglib/ucg_clip.o
 .debug_aranges
                0x00000638       0xa0 ./SDK_1.0.3_NUCLEO-F401RE/shared/Middle/ucglib/ucg_com_msg_api.o
 .debug_aranges
                0x000006d8       0x48 ./SDK_1.0.3_NUCLEO-F401RE/shared/Middle/ucglib/ucg_dev_default_cb.o
 .debug_aranges
                0x00000720       0x40 ./SDK_1.0.3_NUCLEO-F401RE/shared/Middle/ucglib/ucg_dev_ic_st7735.o
 .debug_aranges
                0x00000760       0x60 ./SDK_1.0.3_NUCLEO-F401RE/shared/Middle/ucglib/ucg_dev_msg_api.o
 .debug_aranges