D:/ThuVien_SDK_1.0.3_NUCLEO-F401RE-master/ThuVien_SDK_1.0.3_NUCLEO-F401RE-master/shared/Middle/Game/Game.c:6:6:Game_Init	16	static
D:/ThuVien_SDK_1.0.3_NUCLEO-F401RE-master/ThuVien_SDK_1.0.3_NUCLEO-F401RE-master/shared/Middle/Game/Game.c:18:6:Game_Reset	16	static
D:/ThuVien_SDK_1.0.3_NUCLEO-F401RE-master/ThuVien_SDK_1.0.3_NUCLEO-F401RE-master/shared/Middle/Game/Game.c:28:6:Game_UpdatePlaying	24	static
D:/ThuVien_SDK_1.0.3_NUCLEO-F401RE-master/ThuVien_SDK_1.0.3_NUCLEO-F401RE-master/shared/Middle/Game/Game.c:45:16:Game_CheckCollision	16	static
D:/ThuVien_SDK_1.0.3_NUCLEO-F401RE-master/ThuVien_SDK_1.0.3_NUCLEO-F401RE-master/shared/Middle/Game/Game.c:53:11:Game_GetState	16	static
D:/ThuVien_SDK_1.0.3_NUCLEO-F401RE-master/ThuVien_SDK_1.0.3_NUCLEO-F401RE-master/shared/Middle/Game/Game.c:54:5:Game_GetScore	16	static
D:/ThuVien_SDK_1.0.3_NUCLEO-F401RE-master/ThuVien_SDK_1.0.3_NUCLEO-F401RE-master/shared/Middle/Game/Game.c:55:5:Game_GetHighScore	16	static
D:/ThuVien_SDK_1.0.3_NUCLEO-F401RE-master/ThuVien_SDK_1.0.3_NUCLEO-F401RE-master/shared/Middle/Game/Game.c:56:7:Game_GetDino	16	static
D:/ThuVien_SDK_1.0.3_NUCLEO-F401RE-master/ThuVien_SDK_1.0.3_NUCLEO-F401RE-master/shared/Middle/Game/Game.c:57:18:Game_GetObstacleManager	16	static
