../Src/main.c:108:5:main	192	static
../Src/main.c:185:13:LCD_Init	16	static
../Src/main.c:198:13:UpdateMenu	16	static
../Src/main.c:219:13:RenderMenu	24	static
../Src/main.c:272:13:IntToStr	40	static
../Src/main.c:300:13:DrawNumber	48	static
../Src/main.c:311:13:RenderHighScore	24	static
../Src/main.c:336:13:UpdateLevelMenu	16	static
../Src/main.c:357:13:RenderLevelMenu	24	static
../Src/main.c:414:13:DrawDino	40	static
../Src/main.c:443:13:DrawOneCactus	32	static
../Src/main.c:457:13:DrawObstacles	48	static
../Src/main.c:483:13:DrawScoreLabel	16	static
../Src/main.c:491:13:DrawScoreNumber	40	static
../Src/main.c:522:13:RenderPlaying	56	static
../Src/main.c:556:13:RenderGameOver	24	static
../Src/main.c:576:18:ReadGameInput	32	static
../Src/main.c:600:13:AppInitCommon	8	static
../Src/main.c:612:13:BuzzerControl_SetStatus	16	static
../Src/main.c:627:16:ButtonRead_Status	24	static
../Src/main.c:638:13:Delay	24	static
../Src/main.c:647:13:Buzzer_Init	16	static
../Src/main.c:674:13:Button_Init	16	static
