../Src/main.c:110:5:main	184	static
../Src/main.c:195:13:LCD_Init	16	static
../Src/main.c:208:13:UpdateMenu	16	static
../Src/main.c:229:13:RenderMenu	24	static
../Src/main.c:282:13:IntToStr	40	static
../Src/main.c:311:13:DrawNumber	48	static
../Src/main.c:322:13:RenderHighScore	24	static
../Src/main.c:348:13:UpdateLevelMenu	16	static
../Src/main.c:369:13:RenderLevelMenu	24	static
../Src/main.c:427:13:DrawDino	40	static
../Src/main.c:462:13:DrawOneCactus	32	static
../Src/main.c:482:13:DrawObstacles	48	static
../Src/main.c:513:13:DrawScoreLabel	16	static
../Src/main.c:521:13:DrawScoreNumber	40	static
../Src/main.c:558:13:RenderPlaying	56	static
../Src/main.c:598:13:RenderGameOver	24	static
../Src/main.c:618:18:ReadGameInput	32	static
../Src/main.c:643:6:AppInitCommon	8	static
../Src/main.c:662:6:BuzzerControl_SetStatus	16	static
../Src/main.c:684:9:ButtonRead_Status	24	static
../Src/main.c:702:6:Delay	24	static
../Src/main.c:718:6:Buzzer_Init	16	static
../Src/main.c:752:6:Button_Init	16	static
